Microchip MPLAB XC8 Compiler V2.46

Linker command line:

-W-3 --edf=S:\XC8C\pic\dat\20240104201356_en.msgs -cn \
  -h+dist/default/debug\MagicMyc.debug.sym \
  --cmf=dist/default/debug\MagicMyc.debug.cmf -z -Q18F15Q41 \
  -oC:\Users\chris\AppData\Local\Temp\xcAs8q8.\driver_tmp_3.o \
  --defsym=__MPLAB_BUILD=1 --fixupoverflow=error \
  -Mdist/default/debug/MagicMyc.debug.map \
  --md=C:\Users\chris\AppData\Local\Temp\xcAs8q8.\driver_tmp_0.dat -E1 \
  -ver=XC8 Compiler --acfsm=1493 -ACODE=00h-07FFFh -ACONST=00h-07FFFh \
  -ASMALLCONST=0D00h-0DFFhx115 -AMEDIUMCONST=0D00h-07FFFh \
  -ACOMRAM=0501h-055Fh -AABS1=0500h-0CFFh -ABIGRAM=0501h-0CFFh \
  -ARAM=0560h-05FFh,0600h-06FFhx7 -ABANK5=0560h-05FFh -ABANK6=0600h-06FFh \
  -ABANK7=0700h-07FFh -ABANK8=0800h-08FFh -ABANK9=0900h-09FFh \
  -ABANK10=0A00h-0AFFh -ABANK11=0B00h-0BFFh -ABANK12=0C00h-0CFFh \
  -ASFR=00h-0FFhx4,0400h-045Fh,0460h-04FFh,0D00h-0DFFh \
  -ABIGSFR=00h-04FFh,0D00h-0DFFh -ACONFIG=0300000h-0300011h \
  -AIDLOC=0200000h-020003Fh -AEEDATA=0380000h-03801FFh -peeprom_data=EEDATA \
  -preset_vec=00h -ppowerup=CODE,init -pramtop=0D00h \
  -psmallconst=SMALLCONST -pmediumconst=MEDIUMCONST -pconst=CONST \
  -AFARRAM=00h-00h \
  -prdata=COMRAM,nvrram=COMRAM,nvbit=COMRAM,rbss=COMRAM,rbit=COMRAM \
  -pfarbss=FARRAM,fardata=FARRAM,nvFARRAM=FARRAM \
  -pintsave_regs=BIGRAM,bigbss=BIGRAM,bigdata=BIGRAM -pbss=RAM \
  -pidata=CODE,irdata=CODE,ibigdata=CODE,ifardata=CODE -prparam=COMRAM \
  C:\Users\chris\AppData\Local\Temp\xcAs8q8.\driver_tmp_14.o \
  dist/default/debug\MagicMyc.debug.o 

Object code version is 3.11

Machine type is 18F15Q41



                Name                               Link     Load   Length Selector   Space Scale
C:\Users\chris\AppData\Local\Temp\xcAs8q8.\driver_tmp_14.o
                config                           300000   300000        9        0       4
                init                               7FFC     7FFC        4     3FFE       0
                reset_vec                             0        0        6        0       0
dist/default/debug\MagicMyc.debug.o
                config                           300000   300000        9        0       4
                smallconst                          D00      D00       F6      680       0
                text33                             1948     1948       1C      6FB       0
                text32                             19D2     19D2        C      6FB       0
                text31                             1A2E     1A2E        A      6FB       0
                text30                             1A24     1A24        A      6FB       0
                text29                             1A1A     1A1A        A      6FB       0
                text28                             18D6     18D6       34      6FB       0
                text27                             1664     1664       A0      6FB       0
                text26                             1A10     1A10        A      6FB       0
                text25                             1A06     1A06        A      6FB       0
                text24                             19FC     19FC        A      6FB       0
                text23                             1770     1770       6C      6FB       0
                text22                             19F2     19F2        A      6FB       0
                text21                             19E8     19E8        A      6FB       0
                text20                             19DE     19DE        A      6FB       0
                text19                             1704     1704       6C      6FB       0
                text18                             1964     1964       1A      6FB       0
                text17                             1A38     1A38        6      6FB       0
                text16                             192C     192C       1C      6FB       0
                text15                             19B4     19B4       12      6FB       0
                text14                             19C6     19C6        C      6FB       0
                text13                             14F0     14F0       C4      6FB       0
                text12                             15B4     15B4       B0      6FB       0
                text11                             18A2     18A2       34      6FB       0
                text10                             1A42     1A42        2      6FB       0
                text9                              1426     1426       CA      6FB       0
                text8                               DF6      DF6      356      6FB       0
                text7                              17DC     17DC       4A      6FB       0
                text6                              190A     190A       22      6FB       0
                text5                              1868     1868       3A      6FB       0
                text4                              19A2     19A2       12      6FB       0
                text3                              1990     1990       12      6FB       0
                text2                              197E     197E       12      6FB       0
                text1                              114C     114C      17A      6FB       0
                text0                              12C6     12C6      160      6FB       0
                cstackCOMRAM                        501      501       49      501       1
                dataBANK5                           586      586        4      560       1
                bssBANK5                            560      560       26      560       1
                bssCOMRAM                           55A      55A        6      501       1
                cinit                              1826     1826       42      6FB       0
                nvBANK5                             58A      58A        2      560       1
                nvCOMRAM                            54A      54A       10      501       1
                idataBANK5                         1A3E     1A3E        4      6FB       0

TOTAL           Name                               Link     Load   Length     Space
        CLASS   CODE           
                init                               7FFC     7FFC        4         0
                reset_vec                             0        0        6         0
                text33                             1948     1948       1C         0
                text32                             19D2     19D2        C         0
                text31                             1A2E     1A2E        A         0
                text30                             1A24     1A24        A         0
                text29                             1A1A     1A1A        A         0
                text28                             18D6     18D6       34         0
                text27                             1664     1664       A0         0
                text26                             1A10     1A10        A         0
                text25                             1A06     1A06        A         0
                text24                             19FC     19FC        A         0
                text23                             1770     1770       6C         0
                text22                             19F2     19F2        A         0
                text21                             19E8     19E8        A         0
                text20                             19DE     19DE        A         0
                text19                             1704     1704       6C         0
                text18                             1964     1964       1A         0
                text17                             1A38     1A38        6         0
                text16                             192C     192C       1C         0
                text15                             19B4     19B4       12         0
                text14                             19C6     19C6        C         0
                text13                             14F0     14F0       C4         0
                text12                             15B4     15B4       B0         0
                text11                             18A2     18A2       34         0
                text10                             1A42     1A42        2         0
                text9                              1426     1426       CA         0
                text8                               DF6      DF6      356         0
                text7                              17DC     17DC       4A         0
                text6                              190A     190A       22         0
                text5                              1868     1868       3A         0
                text4                              19A2     19A2       12         0
                text3                              1990     1990       12         0
                text2                              197E     197E       12         0
                text1                              114C     114C      17A         0
                text0                              12C6     12C6      160         0
                cinit                              1826     1826       42         0
                idataBANK5                         1A3E     1A3E        4         0

        CLASS   CONST          

        CLASS   SMALLCONST     
                smallconst                          D00      D00       F6         0

        CLASS   MEDIUMCONST    

        CLASS   COMRAM         
                cstackCOMRAM                        501      501       49         1
                bssCOMRAM                           55A      55A        6         1
                nvCOMRAM                            54A      54A       10         1

        CLASS   ABS1           

        CLASS   BIGRAM         

        CLASS   RAM            

        CLASS   BANK5          
                dataBANK5                           586      586        4         1
                bssBANK5                            560      560       26         1
                nvBANK5                             58A      58A        2         1

        CLASS   BANK6          

        CLASS   BANK7          

        CLASS   BANK8          

        CLASS   BANK9          

        CLASS   BANK10         

        CLASS   BANK11         

        CLASS   BANK12         

        CLASS   SFR            

        CLASS   BIGSFR         

        CLASS   CONFIG         
                config                           300000   300000        9         4

        CLASS   IDLOC          

        CLASS   EEDATA         

        CLASS   FARRAM         

        CLASS   HEAP           

        CLASS   STACK          



SEGMENTS        Name                           Load    Length   Top    Selector   Space  Class

                reset_vec                      000000  000006  000006         0       0  CODE    
                cstackCOMRAM                   000501  00005F  000560       501       1  COMRAM  
                bssBANK5                       000560  00002C  00058C       560       1  BANK5   
                smallconst                     000D00  0000F6  000DF6       680       0  SMALLCON
                text8                          000DF6  000C4E  001A44       6FB       0  CODE    
                init                           007FFC  000004  008000      3FFE       0  CODE    


UNUSED ADDRESS RANGES

        Name                Unused          Largest block    Delta
        BANK10           000A00-000AFF              100
        BANK11           000B00-000BFF              100
        BANK12           000C00-000CFF              100
        BANK5            00058C-0005FF               74
        BANK6            000600-0006FF              100
        BANK7            000700-0007FF              100
        BANK8            000800-0008FF              100
        BANK9            000900-0009FF              100
        BIGRAM           00058C-000CFF              774
        BIGSFR           000000-0004FF              500
                         000D00-000DFF              100
        CODE             000006-000CFF              CFA
                         001A44-007FFB             65B8
        CONFIG           300009-300011                9
        CONST            000006-000CFF              CFA
                         001A44-007FFB             65B8
        EEDATA           380000-3801FF              200
        IDLOC            200000-20003F               40
        MEDIUMCONST      001A44-007FFB             65B8
        RAM              00058C-000CFF              100
        SFR              000000-0004FF              100
                         000D00-000DFF              100
        SMALLCONST       001A44-007FFB              100

                                  Symbol Table

?___awdiv                                                     cstackCOMRAM 000501
?___awmod                                                     cstackCOMRAM 000501
?_abs                                                         cstackCOMRAM 000507
?_printf                                                      cstackCOMRAM 000522
?_vfprintf                                                    cstackCOMRAM 00051C
INT0_SetInterruptHandler@InterruptHandler                     cstackCOMRAM 000501
INT1_SetInterruptHandler@InterruptHandler                     cstackCOMRAM 000501
INT2_SetInterruptHandler@InterruptHandler                     cstackCOMRAM 000501
PWM1_16BIT_Period_SetInterruptHandler@InterruptHandler        cstackCOMRAM 000501
PWM1_16BIT_Slice1Output1_SetInterruptHandler@InterruptHandler cstackCOMRAM 000501
PWM1_16BIT_Slice1Output2_SetInterruptHandler@InterruptHandler cstackCOMRAM 000501
PWM2_16BIT_Period_SetInterruptHandler@InterruptHandler        cstackCOMRAM 000501
PWM2_16BIT_Slice1Output1_SetInterruptHandler@InterruptHandler cstackCOMRAM 000501
PWM2_16BIT_Slice1Output2_SetInterruptHandler@InterruptHandler cstackCOMRAM 000501
_ACTCON                                                       (abs)        0000AC
_ANSELA                                                       (abs)        000400
_ANSELB                                                       (abs)        000408
_ANSELC                                                       (abs)        000410
_CLOCK_Initialize                                             text33       001948
_DAC1CON                                                      (abs)        00007F
_DAC1DATL                                                     (abs)        00007D
_DAC1_Initialize                                              text32       0019D2
_INLVLA                                                       (abs)        000404
_INLVLB                                                       (abs)        00040C
_INLVLC                                                       (abs)        000414
_INT0_DefaultInterruptHandler                                 (abs)        000000
_INT0_InterruptHandler                                        nvCOMRAM     00054C
_INT0_SetInterruptHandler                                     text31       001A2E
_INT1_DefaultInterruptHandler                                 (abs)        000000
_INT1_InterruptHandler                                        nvCOMRAM     00054A
_INT1_SetInterruptHandler                                     text30       001A24
_INT2_DefaultInterruptHandler                                 (abs)        000000
_INT2_InterruptHandler                                        nvBANK5      00058A
_INT2_SetInterruptHandler                                     text29       001A1A
_INTCON0bits                                                  (abs)        0004D6
_INTERRUPT_Initialize                                         text28       0018D6
_IOCAF                                                        (abs)        000407
_IOCAN                                                        (abs)        000406
_IOCAP                                                        (abs)        000405
_IOCBF                                                        (abs)        00040F
_IOCBN                                                        (abs)        00040E
_IOCBP                                                        (abs)        00040D
_IOCCF                                                        (abs)        000417
_IOCCN                                                        (abs)        000416
_IOCCP                                                        (abs)        000415
_LATA                                                         (abs)        0004BE
_LATB                                                         (abs)        0004BF
_LATC                                                         (abs)        0004C0
_ODCONA                                                       (abs)        000402
_ODCONB                                                       (abs)        00040A
_ODCONC                                                       (abs)        000412
_OSCCON1                                                      (abs)        0000AD
_OSCCON3                                                      (abs)        0000AF
_OSCEN                                                        (abs)        0000B3
_OSCFRQ                                                       (abs)        0000B1
_OSCTUNE                                                      (abs)        0000B0
_PIE3bits                                                     (abs)        0004AB
_PIE4bits                                                     (abs)        0004AC
_PIE5bits                                                     (abs)        0004AD
_PIN_MANAGER_Initialize                                       text27       001664
_PIR10bits                                                    (abs)        0004BD
_PIR1bits                                                     (abs)        0004B4
_PIR3bits                                                     (abs)        0004B6
_PIR4bits                                                     (abs)        0004B7
_PIR5bits                                                     (abs)        0004B8
_PIR6bits                                                     (abs)        0004B9
_PORTB                                                        (abs)        0004CF
_PWM1CLK                                                      (abs)        000461
_PWM1CON                                                      (abs)        000469
_PWM1CONbits                                                  (abs)        000469
_PWM1CPRE                                                     (abs)        000465
_PWM1ERS                                                      (abs)        000460
_PWM1GIE                                                      (abs)        000468
_PWM1GIEbits                                                  (abs)        000468
_PWM1GIR                                                      (abs)        000467
_PWM1GIRbits                                                  (abs)        000467
_PWM1LDS                                                      (abs)        000462
_PWM1PIPOS                                                    (abs)        000466
_PWM1PRH                                                      (abs)        000464
_PWM1PRL                                                      (abs)        000463
_PWM1S1CFG                                                    (abs)        00046A
_PWM1S1P1H                                                    (abs)        00046C
_PWM1S1P1L                                                    (abs)        00046B
_PWM1S1P2H                                                    (abs)        00046E
_PWM1S1P2L                                                    (abs)        00046D
_PWM1_16BIT_Initialize                                        text23       001770
_PWM1_16BIT_Period_DefaultInterruptHandler                    (abs)        000000
_PWM1_16BIT_Period_InterruptHandler                           nvCOMRAM     000554
_PWM1_16BIT_Period_SetInterruptHandler                        text26       001A10
_PWM1_16BIT_Slice1Output1_DefaultInterruptHandler             (abs)        000000
_PWM1_16BIT_Slice1Output1_InterruptHandler                    nvCOMRAM     000558
_PWM1_16BIT_Slice1Output1_SetInterruptHandler                 text25       001A06
_PWM1_16BIT_Slice1Output2_DefaultInterruptHandler             (abs)        000000
_PWM1_16BIT_Slice1Output2_InterruptHandler                    nvCOMRAM     000556
_PWM1_16BIT_Slice1Output2_SetInterruptHandler                 text24       0019FC
_PWM2CLK                                                      (abs)        000470
_PWM2CON                                                      (abs)        000478
_PWM2CONbits                                                  (abs)        000478
_PWM2CPRE                                                     (abs)        000474
_PWM2ERS                                                      (abs)        00046F
_PWM2GIE                                                      (abs)        000477
_PWM2GIEbits                                                  (abs)        000477
_PWM2GIR                                                      (abs)        000476
_PWM2GIRbits                                                  (abs)        000476
_PWM2LDS                                                      (abs)        000471
_PWM2PIPOS                                                    (abs)        000475
_PWM2PRH                                                      (abs)        000473
_PWM2PRL                                                      (abs)        000472
_PWM2S1CFG                                                    (abs)        000479
_PWM2S1P1H                                                    (abs)        00047B
_PWM2S1P1L                                                    (abs)        00047A
_PWM2S1P2H                                                    (abs)        00047D
_PWM2S1P2L                                                    (abs)        00047C
_PWM2_16BIT_Initialize                                        text19       001704
_PWM2_16BIT_Period_DefaultInterruptHandler                    (abs)        000000
_PWM2_16BIT_Period_InterruptHandler                           nvCOMRAM     00054E
_PWM2_16BIT_Period_SetInterruptHandler                        text22       0019F2
_PWM2_16BIT_Slice1Output1_DefaultInterruptHandler             (abs)        000000
_PWM2_16BIT_Slice1Output1_InterruptHandler                    nvCOMRAM     000552
_PWM2_16BIT_Slice1Output1_SetInterruptHandler                 text21       0019E8
_PWM2_16BIT_Slice1Output2_DefaultInterruptHandler             (abs)        000000
_PWM2_16BIT_Slice1Output2_InterruptHandler                    nvCOMRAM     000550
_PWM2_16BIT_Slice1Output2_SetInterruptHandler                 text20       0019DE
_RA4PPS                                                       (abs)        000205
_RA5PPS                                                       (abs)        000206
_RB4I2C                                                       (abs)        000287
_RB4PPS                                                       (abs)        00020D
_RB5PPS                                                       (abs)        00020E
_RB6I2C                                                       (abs)        000286
_RC5PPS                                                       (abs)        000216
_SLRCONA                                                      (abs)        000403
_SLRCONB                                                      (abs)        00040B
_SLRCONC                                                      (abs)        000413
_SPI1BAUD                                                     (abs)        000089
_SPI1CLK                                                      (abs)        00008C
_SPI1CON0                                                     (abs)        000084
_SPI1CON0bits                                                 (abs)        000084
_SPI1CON1                                                     (abs)        000085
_SPI1CON2                                                     (abs)        000086
_SPI1INTFbits                                                 (abs)        00008A
_SPI1RXB                                                      (abs)        000080
_SPI1SCKPPS                                                   (abs)        00026A
_SPI1SDIPPS                                                   (abs)        00026B
_SPI1TCNTH                                                    (abs)        000083
_SPI1TCNTL                                                    (abs)        000082
_SPI1TXB                                                      (abs)        000081
_SPI1_BufferExchange                                          (abs)        000000
_SPI1_BufferRead                                              (abs)        000000
_SPI1_BufferWrite                                             (abs)        000000
_SPI1_ByteExchange                                            (abs)        000000
_SPI1_ByteRead                                                (abs)        000000
_SPI1_ByteWrite                                               (abs)        000000
_SPI1_Close                                                   (abs)        000000
_SPI1_Deinitialize                                            (abs)        000000
_SPI1_Host                                                    smallconst   000D01
_SPI1_Initialize                                              (abs)        000000
_SPI1_IsRxReady                                               (abs)        000000
_SPI1_IsTxReady                                               (abs)        000000
_SPI1_Open                                                    (abs)        000000
_SYSTEM_Initialize                                            text18       001964
_TRISA                                                        (abs)        0004C6
_TRISB                                                        (abs)        0004C7
_TRISBbits                                                    (abs)        0004C7
_TRISC                                                        (abs)        0004C8
_WPUA                                                         (abs)        000401
_WPUB                                                         (abs)        000409
_WPUC                                                         (abs)        000411
__Exit                                                        text17       001A38
__Exit@ec                                                     cstackCOMRAM 000501
__HRAM                                                        (abs)        000000
__H__absolute__                                               __absolute__ 000000
__Habs1                                                       abs1         000000
__Hbank10                                                     bank10       000000
__Hbank11                                                     bank11       000000
__Hbank12                                                     bank12       000000
__Hbank5                                                      bank5        000000
__Hbank6                                                      bank6        000000
__Hbank7                                                      bank7        000000
__Hbank8                                                      bank8        000000
__Hbank9                                                      bank9        000000
__Hbigbss                                                     bigbss       000000
__Hbigdata                                                    bigdata      000000
__Hbigram                                                     bigram       000000
__Hbigsfr                                                     bigsfr       000000
__Hbss                                                        bss          000000
__HbssBANK5                                                   bssBANK5     000000
__HbssCOMRAM                                                  bssCOMRAM    000000
__Hcinit                                                      cinit        000000
__Hclrtext                                                    clrtext      000000
__Hcomram                                                     comram       000000
__Hconfig                                                     config       300009
__Hconst                                                      const        000000
__HcstackCOMRAM                                               cstackCOMRAM 000000
__Hdata                                                       data         000000
__HdataBANK5                                                  dataBANK5    000000
__Heeprom_data                                                eeprom_data  000000
__Hfarbss                                                     farbss       000000
__Hfardata                                                    fardata      000000
__Hheap                                                       heap         000000
__Hibigdata                                                   ibigdata     000000
__Hidata                                                      idata        000000
__HidataBANK5                                                 idataBANK5   000000
__Hidloc                                                      idloc        000000
__Hifardata                                                   ifardata     000000
__Hinit                                                       init         008000
__Hintsave_regs                                               intsave_regs 000000
__Hirdata                                                     irdata       000000
__Hmediumconst                                                mediumconst  000000
__HnvBANK5                                                    nvBANK5      000000
__HnvCOMRAM                                                   nvCOMRAM     000000
__HnvFARRAM                                                   nvFARRAM     000000
__Hnvbit                                                      nvbit        000000
__Hnvrram                                                     nvrram       000000
__Hparam                                                      rparam       000000
__Hpowerup                                                    powerup      000000
__Hram                                                        ram          000000
__Hramtop                                                     ramtop       000D00
__Hrbit                                                       rbit         000000
__Hrbss                                                       rbss         000000
__Hrdata                                                      rdata        000000
__Hreset_vec                                                  reset_vec    000006
__Hrparam                                                     rparam       000000
__Hsfr                                                        sfr          000000
__Hsmallconst                                                 smallconst   000DF6
__Hspace_0                                                    (abs)        008000
__Hspace_1                                                    (abs)        00058C
__Hspace_2                                                    (abs)        000000
__Hspace_4                                                    (abs)        600009
__Hstack                                                      stack        000000
__Hstruct                                                     struct       000000
__Htemp                                                       temp         000000
__Htext                                                       text         000000
__Htext0                                                      text0        000000
__Htext1                                                      text1        000000
__Htext10                                                     text10       000000
__Htext11                                                     text11       000000
__Htext12                                                     text12       000000
__Htext13                                                     text13       000000
__Htext14                                                     text14       000000
__Htext15                                                     text15       000000
__Htext16                                                     text16       000000
__Htext17                                                     text17       000000
__Htext18                                                     text18       000000
__Htext19                                                     text19       000000
__Htext2                                                      text2        000000
__Htext20                                                     text20       000000
__Htext21                                                     text21       000000
__Htext22                                                     text22       000000
__Htext23                                                     text23       000000
__Htext24                                                     text24       000000
__Htext25                                                     text25       000000
__Htext26                                                     text26       000000
__Htext27                                                     text27       000000
__Htext28                                                     text28       000000
__Htext29                                                     text29       000000
__Htext3                                                      text3        000000
__Htext30                                                     text30       000000
__Htext31                                                     text31       000000
__Htext32                                                     text32       000000
__Htext33                                                     text33       000000
__Htext4                                                      text4        000000
__Htext5                                                      text5        000000
__Htext6                                                      text6        000000
__Htext7                                                      text7        000000
__Htext8                                                      text8        000000
__Htext9                                                      text9        000000
__LRAM                                                        (abs)        000001
__L__absolute__                                               __absolute__ 000000
__Labs1                                                       abs1         000000
__Lbank10                                                     bank10       000000
__Lbank11                                                     bank11       000000
__Lbank12                                                     bank12       000000
__Lbank5                                                      bank5        000000
__Lbank6                                                      bank6        000000
__Lbank7                                                      bank7        000000
__Lbank8                                                      bank8        000000
__Lbank9                                                      bank9        000000
__Lbigbss                                                     bigbss       000000
__Lbigdata                                                    bigdata      000000
__Lbigram                                                     bigram       000000
__Lbigsfr                                                     bigsfr       000000
__Lbss                                                        bss          000000
__LbssBANK5                                                   bssBANK5     000000
__LbssCOMRAM                                                  bssCOMRAM    000000
__Lcinit                                                      cinit        000000
__Lclrtext                                                    clrtext      000000
__Lcomram                                                     comram       000000
__Lconfig                                                     config       000000
__Lconst                                                      const        000000
__LcstackCOMRAM                                               cstackCOMRAM 000000
__Ldata                                                       data         000000
__LdataBANK5                                                  dataBANK5    000000
__Leeprom_data                                                eeprom_data  000000
__Lfarbss                                                     farbss       000000
__Lfardata                                                    fardata      000000
__Lheap                                                       heap         000000
__Libigdata                                                   ibigdata     000000
__Lidata                                                      idata        000000
__LidataBANK5                                                 idataBANK5   000000
__Lidloc                                                      idloc        000000
__Lifardata                                                   ifardata     000000
__Linit                                                       init         007FFC
__Lintsave_regs                                               intsave_regs 000000
__Lirdata                                                     irdata       000000
__Lmediumconst                                                mediumconst  000000
__LnvBANK5                                                    nvBANK5      000000
__LnvCOMRAM                                                   nvCOMRAM     000000
__LnvFARRAM                                                   nvFARRAM     000000
__Lnvbit                                                      nvbit        000000
__Lnvrram                                                     nvrram       000000
__Lparam                                                      rparam       000000
__Lpowerup                                                    powerup      000000
__Lram                                                        ram          000000
__Lramtop                                                     ramtop       000D00
__Lrbit                                                       rbit         000000
__Lrbss                                                       rbss         000000
__Lrdata                                                      rdata        000000
__Lreset_vec                                                  reset_vec    000000
__Lrparam                                                     rparam       000000
__Lsfr                                                        sfr          000000
__Lsmallconst                                                 smallconst   000D00
__Lspace_0                                                    (abs)        000000
__Lspace_1                                                    (abs)        000000
__Lspace_2                                                    (abs)        000000
__Lspace_4                                                    (abs)        000000
__Lstack                                                      stack        000000
__Lstruct                                                     struct       000000
__Ltemp                                                       temp         000000
__Ltext                                                       text         000000
__Ltext0                                                      text0        000000
__Ltext1                                                      text1        000000
__Ltext10                                                     text10       000000
__Ltext11                                                     text11       000000
__Ltext12                                                     text12       000000
__Ltext13                                                     text13       000000
__Ltext14                                                     text14       000000
__Ltext15                                                     text15       000000
__Ltext16                                                     text16       000000
__Ltext17                                                     text17       000000
__Ltext18                                                     text18       000000
__Ltext19                                                     text19       000000
__Ltext2                                                      text2        000000
__Ltext20                                                     text20       000000
__Ltext21                                                     text21       000000
__Ltext22                                                     text22       000000
__Ltext23                                                     text23       000000
__Ltext24                                                     text24       000000
__Ltext25                                                     text25       000000
__Ltext26                                                     text26       000000
__Ltext27                                                     text27       000000
__Ltext28                                                     text28       000000
__Ltext29                                                     text29       000000
__Ltext3                                                      text3        000000
__Ltext30                                                     text30       000000
__Ltext31                                                     text31       000000
__Ltext32                                                     text32       000000
__Ltext33                                                     text33       000000
__Ltext4                                                      text4        000000
__Ltext5                                                      text5        000000
__Ltext6                                                      text6        000000
__Ltext7                                                      text7        000000
__Ltext8                                                      text8        000000
__Ltext9                                                      text9        000000
__S0                                                          (abs)        008000
__S1                                                          (abs)        00058C
__S4                                                          (abs)        000000
__S5                                                          (abs)        000000
___assert_fail                                                text5        001868
___assert_fail@expr                                           cstackCOMRAM 00052D
___assert_fail@file                                           cstackCOMRAM 00052E
___assert_fail@func                                           cstackCOMRAM 000531
___assert_fail@line                                           cstackCOMRAM 00052F
___awdiv                                                      text13       0014F0
___awdiv@counter                                              cstackCOMRAM 000505
___awdiv@dividend                                             cstackCOMRAM 000501
___awdiv@divisor                                              cstackCOMRAM 000503
___awdiv@quotient                                             cstackCOMRAM 000507
___awdiv@sign                                                 cstackCOMRAM 000506
___awmod                                                      text12       0015B4
___awmod@counter                                              cstackCOMRAM 000505
___awmod@dividend                                             cstackCOMRAM 000501
___awmod@divisor                                              cstackCOMRAM 000503
___awmod@sign                                                 cstackCOMRAM 000506
___funcs_on_exit                                              text16       00192C
___heap_hi                                                    (abs)        000000
___heap_lo                                                    (abs)        000000
___inthi_sp                                                   stack        000000
___inthi_stack_hi                                             stack        000000
___inthi_stack_lo                                             stack        000000
___intlo_sp                                                   stack        000000
___intlo_stack_hi                                             stack        000000
___intlo_stack_lo                                             stack        000000
___param_bank                                                 (abs)        000000
___rparam_used                                                (abs)        000001
___sp                                                         stack        000000
___stack_hi                                                   stack        000000
___stack_lo                                                   stack        000000
__accesstop                                                   (abs)        000560
__activetblptr                                                (abs)        000002
__end_of_CLOCK_Initialize                                     text33       001964
__end_of_DAC1_Initialize                                      text32       0019DE
__end_of_INT0_SetInterruptHandler                             text31       001A38
__end_of_INT1_SetInterruptHandler                             text30       001A2E
__end_of_INT2_SetInterruptHandler                             text29       001A24
__end_of_INTERRUPT_Initialize                                 text28       00190A
__end_of_PIN_MANAGER_Initialize                               text27       001704
__end_of_PWM1_16BIT_Initialize                                text23       0017DC
__end_of_PWM1_16BIT_Period_SetInterruptHandler                text26       001A1A
__end_of_PWM1_16BIT_Slice1Output1_SetInterruptHandler         text25       001A10
__end_of_PWM1_16BIT_Slice1Output2_SetInterruptHandler         text24       001A06
__end_of_PWM2_16BIT_Initialize                                text19       001770
__end_of_PWM2_16BIT_Period_SetInterruptHandler                text22       0019FC
__end_of_PWM2_16BIT_Slice1Output1_SetInterruptHandler         text21       0019F2
__end_of_PWM2_16BIT_Slice1Output2_SetInterruptHandler         text20       0019E8
__end_of_SPI1_Host                                            smallconst   000D1D
__end_of_SYSTEM_Initialize                                    text18       00197E
__end_of__Exit                                                text17       001A3E
__end_of___assert_fail                                        text5        0018A2
__end_of___awdiv                                              text13       0015B4
__end_of___awmod                                              text12       001664
__end_of___funcs_on_exit                                      text16       001948
__end_of__initialization                                      cinit        00185E
__end_of_abort                                                text14       0019D2
__end_of_abs                                                  text11       0018D6
__end_of_exit                                                 text15       0019C6
__end_of_fputc                                                text9        0014F0
__end_of_main                                                 text0        001426
__end_of_printf                                               text6        00192C
__end_of_putch                                                text10       001A44
__end_of_s8SPI_Master_Init                                    text1        0012C6
__end_of_spi1_configuration                                   smallconst   000D27
__end_of_vSPI_ClearFIFOs                                      text4        0019B4
__end_of_vSPI_Disable                                         text3        0019A2
__end_of_vSPI_Enable                                          text2        001990
__end_of_vfpfcnvrt                                            text8        00114C
__end_of_vfprintf                                             text7        001826
__initialization                                              cinit        001826
__mediumconst                                                 mediumconst  000000
__pbssBANK5                                                   bssBANK5     000560
__pbssCOMRAM                                                  bssCOMRAM    00055A
__pcinit                                                      cinit        001826
__pcstackCOMRAM                                               cstackCOMRAM 000501
__pdataBANK5                                                  dataBANK5    000586
__pidataBANK5                                                 idataBANK5   001A3E
__pnvBANK5                                                    nvBANK5      00058A
__pnvCOMRAM                                                   nvCOMRAM     00054A
__psmallconst                                                 smallconst   000D00
__ptext0                                                      text0        0012C6
__ptext1                                                      text1        00114C
__ptext10                                                     text10       001A42
__ptext11                                                     text11       0018A2
__ptext12                                                     text12       0015B4
__ptext13                                                     text13       0014F0
__ptext14                                                     text14       0019C6
__ptext15                                                     text15       0019B4
__ptext16                                                     text16       00192C
__ptext17                                                     text17       001A38
__ptext18                                                     text18       001964
__ptext19                                                     text19       001704
__ptext2                                                      text2        00197E
__ptext20                                                     text20       0019DE
__ptext21                                                     text21       0019E8
__ptext22                                                     text22       0019F2
__ptext23                                                     text23       001770
__ptext24                                                     text24       0019FC
__ptext25                                                     text25       001A06
__ptext26                                                     text26       001A10
__ptext27                                                     text27       001664
__ptext28                                                     text28       0018D6
__ptext29                                                     text29       001A1A
__ptext3                                                      text3        001990
__ptext30                                                     text30       001A24
__ptext31                                                     text31       001A2E
__ptext32                                                     text32       0019D2
__ptext33                                                     text33       001948
__ptext4                                                      text4        0019A2
__ptext5                                                      text5        001868
__ptext6                                                      text6        00190A
__ptext7                                                      text7        0017DC
__ptext8                                                      text8        000DF6
__ptext9                                                      text9        001426
__ramtop                                                      ramtop       000D00
__smallconst                                                  smallconst   000D00
_abort                                                        text14       0019C6
_abs                                                          text11       0018A2
_count                                                        bssCOMRAM    00055F
_dbuf                                                         bssBANK5     000560
_exit                                                         text15       0019B4
_flags                                                        bssCOMRAM    00055E
_fputc                                                        text9        001426
_funcs                                                        bssBANK5     000580
_main                                                         text0        0012C6
_prec                                                         bssCOMRAM    00055C
_printf                                                       text6        00190A
_putch                                                        text10       001A42
_s8SPI_Master_Init                                            text1        00114C
_spi1_configuration                                           smallconst   000D1D
_vSPI_ClearFIFOs                                              text4        0019A2
_vSPI_Disable                                                 text3        001990
_vSPI_Enable                                                  text2        00197E
_vfpfcnvrt                                                    text8        000DF6
_vfprintf                                                     text7        0017DC
_width                                                        bssCOMRAM    00055A
abs@a                                                         cstackCOMRAM 000507
end_of_initialization                                         cinit        00185E
exit@code                                                     cstackCOMRAM 000503
fputc@c                                                       cstackCOMRAM 000501
fputc@fp                                                      cstackCOMRAM 000503
intlevel0                                                     text         000000
intlevel1                                                     text         000000
intlevel2                                                     text         000000
intlevel3                                                     text         000000
isa$std                                                       (abs)        000001
isa$xinst                                                     (abs)        000000
main@F14118                                                   dataBANK5    000586
main@bShow                                                    cstackCOMRAM 000540
main@counter                                                  cstackCOMRAM 000545
main@light                                                    cstackCOMRAM 000549
main@sConfig                                                  cstackCOMRAM 000541
main@yyy                                                      cstackCOMRAM 00053C
printf@ap                                                     cstackCOMRAM 00052B
printf@fmt                                                    cstackCOMRAM 000522
s8SPI_Master_Init@psConfig                                    cstackCOMRAM 000534
s8SPI_Master_Init@psSPI_Handler                               cstackCOMRAM 000532
stackhi                                                       (abs)        000000
stacklo                                                       (abs)        000000
start                                                         init         007FFC
start_initialization                                          cinit        001826
vSPI_ClearFIFOs@psSPI_Handler                                 cstackCOMRAM 000501
vSPI_Disable@psSPI_Handler                                    cstackCOMRAM 000501
vSPI_Enable@psSPI_Handler                                     cstackCOMRAM 000501
vfpfcnvrt@ap                                                  cstackCOMRAM 00050F
vfpfcnvrt@c                                                   cstackCOMRAM 00051B
vfpfcnvrt@convarg                                             cstackCOMRAM 000517
vfpfcnvrt@cp                                                  cstackCOMRAM 000516
vfpfcnvrt@cp_1909                                             cstackCOMRAM 000513
vfpfcnvrt@done                                                cstackCOMRAM 000515
vfpfcnvrt@fmt                                                 cstackCOMRAM 00050D
vfpfcnvrt@fp                                                  cstackCOMRAM 00050B
vfprintf@ap                                                   cstackCOMRAM 00051F
vfprintf@cfmt                                                 cstackCOMRAM 000521
vfprintf@fmt                                                  cstackCOMRAM 00051E
vfprintf@fp                                                   cstackCOMRAM 00051C


MODULE INFORMATION

Module		Function		Class		Link	Load	Size
S:\XC8C\pic\sources\c99\common\atexit.c
		___funcs_on_exit		CODE           	192C	0000	28

S:\XC8C\pic\sources\c99\common\atexit.c estimated size: 28

S:\XC8C\pic\sources\c99\common\abs.c
		_abs           		CODE           	18A2	0000	52

S:\XC8C\pic\sources\c99\common\abs.c estimated size: 52

S:\XC8C\pic\sources\c99\common\nf_fputc.c
		_fputc         		CODE           	1426	0000	202

S:\XC8C\pic\sources\c99\common\nf_fputc.c estimated size: 202

S:\XC8C\pic\sources\c99\common\doprnt.c
		_vfpfcnvrt     		CODE           	0DF6	0000	854
		_vfprintf      		CODE           	17DC	0000	74

S:\XC8C\pic\sources\c99\common\doprnt.c estimated size: 928

S:\XC8C\pic\sources\c99\common\awdiv.c
		___awdiv       		CODE           	14F0	0000	196

S:\XC8C\pic\sources\c99\common\awdiv.c estimated size: 196

mcc_generated_files/system/src/interrupt.c
		_INT0_SetInterruptHandler		CODE           	1A2E	0000	10
		_INT1_SetInterruptHandler		CODE           	1A24	0000	10
		_INT2_SetInterruptHandler		CODE           	1A1A	0000	10
		_INTERRUPT_Initialize		CODE           	18D6	0000	52

mcc_generated_files/system/src/interrupt.c estimated size: 82

mcc_generated_files/pwm/src/pwm1_16bit.c
		_PWM1_16BIT_Period_SetInterruptHandler		CODE           	1A10	0000	10
		_PWM1_16BIT_Slice1Output1_SetInterruptHandler		CODE           	1A06	0000	10
		_PWM1_16BIT_Slice1Output2_SetInterruptHandler		CODE           	19FC	0000	10
		_PWM1_16BIT_Initialize		CODE           	1770	0000	108

mcc_generated_files/pwm/src/pwm1_16bit.c estimated size: 138

S:\XC8C\pic\sources\c99\common\abort.c
		_abort         		CODE           	19C6	0000	12

S:\XC8C\pic\sources\c99\common\abort.c estimated size: 12

mcc_generated_files/system/src/pins.c
		_PIN_MANAGER_Initialize		CODE           	1664	0000	160

mcc_generated_files/system/src/pins.c estimated size: 160

mcc_generated_files/dac/src/dac1.c
		_DAC1_Initialize		CODE           	19D2	0000	12

mcc_generated_files/dac/src/dac1.c estimated size: 12

S:\XC8C\pic\sources\c99\common\assert.c
		___assert_fail 		CODE           	1868	0000	58

S:\XC8C\pic\sources\c99\common\assert.c estimated size: 58

shared
		__initialization		CODE           	1826	0000	56
		_SPI1_Host     		SMALLCONST     	0D01	0000	28
		_spi1_configuration		SMALLCONST     	0D1D	0000	10

shared estimated size: 94

S:\XC8C\pic\sources\c99\common\printf.c
		_printf        		CODE           	190A	0000	34

S:\XC8C\pic\sources\c99\common\printf.c estimated size: 34

S:\XC8C\pic\sources\c99\common\_Exit.c
		__Exit         		CODE           	1A38	0000	6

S:\XC8C\pic\sources\c99\common\_Exit.c estimated size: 6

mcc_generated_files/system/src/clock.c
		_CLOCK_Initialize		CODE           	1948	0000	28

mcc_generated_files/system/src/clock.c estimated size: 28

SPI/SPI_Master.c
		_vSPI_ClearFIFOs		CODE           	19A2	0000	18
		_s8SPI_Master_Init		CODE           	114C	0000	378
		_vSPI_Enable   		CODE           	197E	0000	18
		_vSPI_Disable  		CODE           	1990	0000	18

SPI/SPI_Master.c estimated size: 432

main.c
		_main          		CODE           	12C6	0000	352

main.c estimated size: 352

mcc_generated_files/pwm/src/pwm2_16bit.c
		_PWM2_16BIT_Period_SetInterruptHandler		CODE           	19F2	0000	10
		_PWM2_16BIT_Slice1Output1_SetInterruptHandler		CODE           	19E8	0000	10
		_PWM2_16BIT_Slice1Output2_SetInterruptHandler		CODE           	19DE	0000	10
		_PWM2_16BIT_Initialize		CODE           	1704	0000	108

mcc_generated_files/pwm/src/pwm2_16bit.c estimated size: 138

S:\XC8C\pic\sources\c99\common\awmod.c
		___awmod       		CODE           	15B4	0000	176

S:\XC8C\pic\sources\c99\common\awmod.c estimated size: 176

mcc_generated_files/system/src/system.c
		_SYSTEM_Initialize		CODE           	1964	0000	26

mcc_generated_files/system/src/system.c estimated size: 26

S:\XC8C\pic\sources\c99\common\putch.c
		_putch         		CODE           	1A42	0000	2

S:\XC8C\pic\sources\c99\common\putch.c estimated size: 2

S:\XC8C\pic\sources\c99\common\exit.c
		_exit          		CODE           	19B4	0000	18

S:\XC8C\pic\sources\c99\common\exit.c estimated size: 18

