Microchip MPLAB XC8 Compiler V2.46

Linker command line:

-W-3 --edf=S:\XC8C\pic\dat\20240104201356_en.msgs -cn \
  -h+dist/default/production\MagicMyc.production.sym \
  --cmf=dist/default/production\MagicMyc.production.cmf -z -Q18F15Q41 \
  -oC:\Users\chris\AppData\Local\Temp\xcAs460.\driver_tmp_3.o \
  --defsym=__MPLAB_BUILD=1 --fixupoverflow=error \
  -Mdist/default/production/MagicMyc.production.map \
  --md=C:\Users\chris\AppData\Local\Temp\xcAs460.\driver_tmp_0.dat -E1 \
  -ver=XC8 Compiler --acfsm=1493 -ACODE=00h-07FFFh -ACONST=00h-07FFFh \
  -ASMALLCONST=0D00h-0DFFhx115 -AMEDIUMCONST=0D00h-07FFFh \
  -ACOMRAM=0501h-055Fh -AABS1=0500h-0CFFh -ABIGRAM=0501h-0CFFh \
  -ARAM=0560h-05FFh,0600h-06FFhx7 -ABANK5=0560h-05FFh -ABANK6=0600h-06FFh \
  -ABANK7=0700h-07FFh -ABANK8=0800h-08FFh -ABANK9=0900h-09FFh \
  -ABANK10=0A00h-0AFFh -ABANK11=0B00h-0BFFh -ABANK12=0C00h-0CFFh \
  -ASFR=00h-0FFhx4,0400h-045Fh,0460h-04FFh,0D00h-0DFFh \
  -ABIGSFR=00h-04FFh,0D00h-0DFFh -ACONFIG=0300000h-0300011h \
  -AIDLOC=0200000h-020003Fh -AEEDATA=0380000h-03801FFh -peeprom_data=EEDATA \
  -preset_vec=00h -ppowerup=CODE,init -pramtop=0D00h \
  -psmallconst=SMALLCONST -pmediumconst=MEDIUMCONST -pconst=CONST \
  -AFARRAM=00h-00h \
  -prdata=COMRAM,nvrram=COMRAM,nvbit=COMRAM,rbss=COMRAM,rbit=COMRAM \
  -pfarbss=FARRAM,fardata=FARRAM,nvFARRAM=FARRAM \
  -pintsave_regs=BIGRAM,bigbss=BIGRAM,bigdata=BIGRAM -pbss=RAM \
  -pidata=CODE,irdata=CODE,ibigdata=CODE,ifardata=CODE -prparam=COMRAM \
  C:\Users\chris\AppData\Local\Temp\xcAs460.\driver_tmp_9.o \
  dist/default/production\MagicMyc.production.o 

Object code version is 3.11

Machine type is 18F15Q41



                Name                               Link     Load   Length Selector   Space Scale
C:\Users\chris\AppData\Local\Temp\xcAs460.\driver_tmp_9.o
                config                           300000   300000        9        0       4
                init                               7FFC     7FFC        4     3FFE       0
                reset_vec                             0        0        4        0       0
dist/default/production\MagicMyc.production.o
                config                           300000   300000        9        0       4
                smallconst                          D00      D00       68      680       0
                text31                             3616     3616        8      D68       0
                text30                             3594     3594       1C      D68       0
                text29                             35B0     35B0        C      D68       0
                text28                             360C     360C        A      D68       0
                text27                             3602     3602        A      D68       0
                text26                             35F8     35F8        A      D68       0
                text25                             3524     3524       34      D68       0
                text24                             32B2     32B2       A0      D68       0
                text23                             35EE     35EE        A      D68       0
                text22                             35E4     35E4        A      D68       0
                text21                             35DA     35DA        A      D68       0
                text20                             33BE     33BE       6C      D68       0
                text19                             35D0     35D0        A      D68       0
                text18                             35C6     35C6        A      D68       0
                text17                             35BC     35BC        A      D68       0
                text16                             3352     3352       6C      D68       0
                text15                             3576     3576       1E      D68       0
                text14                             3558     3558       1E      D68       0
                text13                             252A     252A      39A      D68       0
                text12                             1876     1876      4C0      D68       0
                text11                             1D36     1D36      42A      D68       0
                text10                             2AF6     2AF6      1FE      D68       0
                text9                              34B6     34B6       3A      D68       0
                text8                              3470     3470       46      D68       0
                text7                              31AC     31AC      106      D68       0
                text6                              2CF4     2CF4      1B4      D68       0
                text5                              34F0     34F0       34      D68       0
                text4                              2160     2160      3CA      D68       0
                text3                              28C4     28C4      232      D68       0
                text2                              1368     1368      50E      D68       0
                text1                              3048     3048      164      D68       0
                text0                              2EA8     2EA8      1A0      D68       0
                cstackCOMRAM                        501      501       5C      501       1
                cstackBANK5                         560      560       75      560       1
                dataBIGRAM                          664      664      600      664       1
                bssBANK6                            600      600       64      600       1
                bssBANK5                            5E5      5E5        8      560       1
                cinit                              342A     342A       46      D68       0
                nvBANK5                             5D5      5D5       10      560       1
                nvCOMRAM                            55D      55D        2      501       1
                idataBIGRAM                         D68      D68      600      D68       0

TOTAL           Name                               Link     Load   Length     Space
        CLASS   CODE           
                init                               7FFC     7FFC        4         0
                reset_vec                             0        0        4         0
                text31                             3616     3616        8         0
                text30                             3594     3594       1C         0
                text29                             35B0     35B0        C         0
                text28                             360C     360C        A         0
                text27                             3602     3602        A         0
                text26                             35F8     35F8        A         0
                text25                             3524     3524       34         0
                text24                             32B2     32B2       A0         0
                text23                             35EE     35EE        A         0
                text22                             35E4     35E4        A         0
                text21                             35DA     35DA        A         0
                text20                             33BE     33BE       6C         0
                text19                             35D0     35D0        A         0
                text18                             35C6     35C6        A         0
                text17                             35BC     35BC        A         0
                text16                             3352     3352       6C         0
                text15                             3576     3576       1E         0
                text14                             3558     3558       1E         0
                text13                             252A     252A      39A         0
                text12                             1876     1876      4C0         0
                text11                             1D36     1D36      42A         0
                text10                             2AF6     2AF6      1FE         0
                text9                              34B6     34B6       3A         0
                text8                              3470     3470       46         0
                text7                              31AC     31AC      106         0
                text6                              2CF4     2CF4      1B4         0
                text5                              34F0     34F0       34         0
                text4                              2160     2160      3CA         0
                text3                              28C4     28C4      232         0
                text2                              1368     1368      50E         0
                text1                              3048     3048      164         0
                text0                              2EA8     2EA8      1A0         0
                cinit                              342A     342A       46         0
                idataBIGRAM                         D68      D68      600         0

        CLASS   CONST          

        CLASS   SMALLCONST     
                smallconst                          D00      D00       68         0

        CLASS   MEDIUMCONST    

        CLASS   COMRAM         
                cstackCOMRAM                        501      501       5C         1
                nvCOMRAM                            55D      55D        2         1

        CLASS   ABS1           

        CLASS   BIGRAM         
                dataBIGRAM                          664      664      600         1

        CLASS   RAM            

        CLASS   BANK5          
                cstackBANK5                         560      560       75         1
                bssBANK5                            5E5      5E5        8         1
                nvBANK5                             5D5      5D5       10         1

        CLASS   BANK6          
                bssBANK6                            600      600       64         1

        CLASS   BANK7          

        CLASS   BANK8          

        CLASS   BANK9          

        CLASS   BANK10         

        CLASS   BANK11         

        CLASS   BANK12         

        CLASS   SFR            

        CLASS   BIGSFR         

        CLASS   CONFIG         
                config                           300000   300000        9         4

        CLASS   IDLOC          

        CLASS   EEDATA         

        CLASS   FARRAM         

        CLASS   HEAP           

        CLASS   STACK          



SEGMENTS        Name                           Load    Length   Top    Selector   Space  Class

                reset_vec                      000000  000004  000004         0       0  CODE    
                cstackCOMRAM                   000501  00005E  00055F       501       1  COMRAM  
                cstackBANK5                    000560  00008D  0005ED       560       1  BANK5   
                bssBANK6                       000600  000064  000664       600       1  BANK6   
                dataBIGRAM                     000664  000600  000C64       664       1  BIGRAM  
                smallconst                     000D00  000068  000D68       680       0  SMALLCON
                idataBIGRAM                    000D68  0028B6  00361E       D68       0  CODE    
                init                           007FFC  000004  008000      3FFE       0  CODE    


UNUSED ADDRESS RANGES

        Name                Unused          Largest block    Delta
        BANK12           000C64-000CFF               9C
        BANK5            0005ED-0005FF               13
        BIGRAM           00055F-00055F                1
                         0005ED-0005FF               13
                         000C64-000CFF               9C
        BIGSFR           000000-0004FF              500
                         000D00-000DFF              100
        CODE             000004-000CFF              CFC
                         00361E-007FFB             49DE
        COMRAM           00055F-00055F                1
        CONFIG           300009-300011                9
        CONST            000004-000CFF              CFC
                         00361E-007FFB             49DE
        EEDATA           380000-3801FF              200
        IDLOC            200000-20003F               40
        MEDIUMCONST      00361E-007FFB             49DE
        RAM              0005ED-0005FF               13
                         000C64-000CFF               9C
        SFR              000000-0004FF              100
                         000D00-000DFF              100
        SMALLCONST       00361E-007FFB              100

                                  Symbol Table

?___cosdf                                                     cstackCOMRAM 000551
?___fladd                                                     cstackCOMRAM 000541
?___fldiv                                                     cstackCOMRAM 000528
?___flmul                                                     cstackCOMRAM 00050F
?___flneg                                                     cstackBANK5  000578
?___flsub                                                     cstackCOMRAM 000551
?___fltol                                                     cstackCOMRAM 000551
?___rem_pio2f                                                 cstackBANK5  00057C
?___sindf                                                     cstackCOMRAM 000551
?___xxtofl                                                    cstackCOMRAM 000501
?_fabsf                                                       cstackCOMRAM 000501
?_sinf                                                        cstackBANK5  00059B
DAC1_SetOutput@inputData                                      cstackCOMRAM 000501
INT0_SetInterruptHandler@InterruptHandler                     cstackCOMRAM 000501
INT1_SetInterruptHandler@InterruptHandler                     cstackCOMRAM 000501
INT2_SetInterruptHandler@InterruptHandler                     cstackCOMRAM 000501
PWM1_16BIT_Period_SetInterruptHandler@InterruptHandler        cstackCOMRAM 000501
PWM1_16BIT_Slice1Output1_SetInterruptHandler@InterruptHandler cstackCOMRAM 000501
PWM1_16BIT_Slice1Output2_SetInterruptHandler@InterruptHandler cstackCOMRAM 000501
PWM2_16BIT_Period_SetInterruptHandler@InterruptHandler        cstackCOMRAM 000501
PWM2_16BIT_Slice1Output1_SetInterruptHandler@InterruptHandler cstackCOMRAM 000501
PWM2_16BIT_Slice1Output2_SetInterruptHandler@InterruptHandler cstackCOMRAM 000501
_ACTCON                                                       (abs)        0000AC
_ANSELA                                                       (abs)        000400
_ANSELB                                                       (abs)        000408
_ANSELC                                                       (abs)        000410
_CLOCK_Initialize                                             text30       003594
_DAC1CON                                                      (abs)        00007F
_DAC1DATL                                                     (abs)        00007D
_DAC1_Initialize                                              text29       0035B0
_DAC1_SetOutput                                               text31       003616
_INLVLA                                                       (abs)        000404
_INLVLB                                                       (abs)        00040C
_INLVLC                                                       (abs)        000414
_INT0_DefaultInterruptHandler                                 (abs)        000000
_INT0_InterruptHandler                                        nvBANK5      0005D9
_INT0_SetInterruptHandler                                     text28       00360C
_INT1_DefaultInterruptHandler                                 (abs)        000000
_INT1_InterruptHandler                                        nvBANK5      0005D7
_INT1_SetInterruptHandler                                     text27       003602
_INT2_DefaultInterruptHandler                                 (abs)        000000
_INT2_InterruptHandler                                        nvBANK5      0005D5
_INT2_SetInterruptHandler                                     text26       0035F8
_INTCON0bits                                                  (abs)        0004D6
_INTERRUPT_Initialize                                         text25       003524
_IOCAF                                                        (abs)        000407
_IOCAN                                                        (abs)        000406
_IOCAP                                                        (abs)        000405
_IOCBF                                                        (abs)        00040F
_IOCBN                                                        (abs)        00040E
_IOCBP                                                        (abs)        00040D
_IOCCF                                                        (abs)        000417
_IOCCN                                                        (abs)        000416
_IOCCP                                                        (abs)        000415
_LATA                                                         (abs)        0004BE
_LATB                                                         (abs)        0004BF
_LATC                                                         (abs)        0004C0
_ODCONA                                                       (abs)        000402
_ODCONB                                                       (abs)        00040A
_ODCONC                                                       (abs)        000412
_OSCCON1                                                      (abs)        0000AD
_OSCCON3                                                      (abs)        0000AF
_OSCEN                                                        (abs)        0000B3
_OSCFRQ                                                       (abs)        0000B1
_OSCTUNE                                                      (abs)        0000B0
_PIE3bits                                                     (abs)        0004AB
_PIE4bits                                                     (abs)        0004AC
_PIE5bits                                                     (abs)        0004AD
_PIN_MANAGER_Initialize                                       text24       0032B2
_PIR10bits                                                    (abs)        0004BD
_PIR1bits                                                     (abs)        0004B4
_PIR3bits                                                     (abs)        0004B6
_PIR4bits                                                     (abs)        0004B7
_PIR5bits                                                     (abs)        0004B8
_PIR6bits                                                     (abs)        0004B9
_PORTB                                                        (abs)        0004CF
_PWM1CLK                                                      (abs)        000461
_PWM1CON                                                      (abs)        000469
_PWM1CONbits                                                  (abs)        000469
_PWM1CPRE                                                     (abs)        000465
_PWM1ERS                                                      (abs)        000460
_PWM1GIE                                                      (abs)        000468
_PWM1GIEbits                                                  (abs)        000468
_PWM1GIR                                                      (abs)        000467
_PWM1GIRbits                                                  (abs)        000467
_PWM1LDS                                                      (abs)        000462
_PWM1PIPOS                                                    (abs)        000466
_PWM1PRH                                                      (abs)        000464
_PWM1PRL                                                      (abs)        000463
_PWM1S1CFG                                                    (abs)        00046A
_PWM1S1P1H                                                    (abs)        00046C
_PWM1S1P1L                                                    (abs)        00046B
_PWM1S1P2H                                                    (abs)        00046E
_PWM1S1P2L                                                    (abs)        00046D
_PWM1_16BIT_Initialize                                        text20       0033BE
_PWM1_16BIT_Period_DefaultInterruptHandler                    (abs)        000000
_PWM1_16BIT_Period_InterruptHandler                           nvBANK5      0005E1
_PWM1_16BIT_Period_SetInterruptHandler                        text23       0035EE
_PWM1_16BIT_Slice1Output1_DefaultInterruptHandler             (abs)        000000
_PWM1_16BIT_Slice1Output1_InterruptHandler                    nvCOMRAM     00055D
_PWM1_16BIT_Slice1Output1_SetInterruptHandler                 text22       0035E4
_PWM1_16BIT_Slice1Output2_DefaultInterruptHandler             (abs)        000000
_PWM1_16BIT_Slice1Output2_InterruptHandler                    nvBANK5      0005E3
_PWM1_16BIT_Slice1Output2_SetInterruptHandler                 text21       0035DA
_PWM2CLK                                                      (abs)        000470
_PWM2CON                                                      (abs)        000478
_PWM2CONbits                                                  (abs)        000478
_PWM2CPRE                                                     (abs)        000474
_PWM2ERS                                                      (abs)        00046F
_PWM2GIE                                                      (abs)        000477
_PWM2GIEbits                                                  (abs)        000477
_PWM2GIR                                                      (abs)        000476
_PWM2GIRbits                                                  (abs)        000476
_PWM2LDS                                                      (abs)        000471
_PWM2PIPOS                                                    (abs)        000475
_PWM2PRH                                                      (abs)        000473
_PWM2PRL                                                      (abs)        000472
_PWM2S1CFG                                                    (abs)        000479
_PWM2S1P1H                                                    (abs)        00047B
_PWM2S1P1L                                                    (abs)        00047A
_PWM2S1P2H                                                    (abs)        00047D
_PWM2S1P2L                                                    (abs)        00047C
_PWM2_16BIT_Initialize                                        text16       003352
_PWM2_16BIT_Period_DefaultInterruptHandler                    (abs)        000000
_PWM2_16BIT_Period_InterruptHandler                           nvBANK5      0005DB
_PWM2_16BIT_Period_SetInterruptHandler                        text19       0035D0
_PWM2_16BIT_Slice1Output1_DefaultInterruptHandler             (abs)        000000
_PWM2_16BIT_Slice1Output1_InterruptHandler                    nvBANK5      0005DF
_PWM2_16BIT_Slice1Output1_SetInterruptHandler                 text18       0035C6
_PWM2_16BIT_Slice1Output2_DefaultInterruptHandler             (abs)        000000
_PWM2_16BIT_Slice1Output2_InterruptHandler                    nvBANK5      0005DD
_PWM2_16BIT_Slice1Output2_SetInterruptHandler                 text17       0035BC
_RA4PPS                                                       (abs)        000205
_RA5PPS                                                       (abs)        000206
_RB4I2C                                                       (abs)        000287
_RB4PPS                                                       (abs)        00020D
_RB5PPS                                                       (abs)        00020E
_RB6I2C                                                       (abs)        000286
_RC5PPS                                                       (abs)        000216
_SLRCONA                                                      (abs)        000403
_SLRCONB                                                      (abs)        00040B
_SLRCONC                                                      (abs)        000413
_SPI1BAUD                                                     (abs)        000089
_SPI1CLK                                                      (abs)        00008C
_SPI1CON0                                                     (abs)        000084
_SPI1CON0bits                                                 (abs)        000084
_SPI1CON1                                                     (abs)        000085
_SPI1CON2                                                     (abs)        000086
_SPI1INTFbits                                                 (abs)        00008A
_SPI1RXB                                                      (abs)        000080
_SPI1SCKPPS                                                   (abs)        00026A
_SPI1SDIPPS                                                   (abs)        00026B
_SPI1TCNTH                                                    (abs)        000083
_SPI1TCNTL                                                    (abs)        000082
_SPI1TXB                                                      (abs)        000081
_SPI1_BufferExchange                                          (abs)        000000
_SPI1_BufferRead                                              (abs)        000000
_SPI1_BufferWrite                                             (abs)        000000
_SPI1_ByteExchange                                            (abs)        000000
_SPI1_ByteRead                                                (abs)        000000
_SPI1_ByteWrite                                               (abs)        000000
_SPI1_Close                                                   (abs)        000000
_SPI1_Deinitialize                                            (abs)        000000
_SPI1_Host                                                    smallconst   000D01
_SPI1_Initialize                                              text15       003576
_SPI1_IsRxReady                                               (abs)        000000
_SPI1_IsTxReady                                               (abs)        000000
_SPI1_Open                                                    (abs)        000000
_SYSTEM_Initialize                                            text14       003558
_TRISA                                                        (abs)        0004C6
_TRISB                                                        (abs)        0004C7
_TRISBbits                                                    (abs)        0004C7
_TRISC                                                        (abs)        0004C8
_WPUA                                                         (abs)        000401
_WPUB                                                         (abs)        000409
_WPUC                                                         (abs)        000411
__HRAM                                                        (abs)        000000
__H__absolute__                                               __absolute__ 000000
__Habs1                                                       abs1         000000
__Hbank10                                                     bank10       000000
__Hbank11                                                     bank11       000000
__Hbank12                                                     bank12       000000
__Hbank5                                                      bank5        000000
__Hbank6                                                      bank6        000000
__Hbank7                                                      bank7        000000
__Hbank8                                                      bank8        000000
__Hbank9                                                      bank9        000000
__Hbigbss                                                     bigbss       000000
__Hbigdata                                                    bigdata      000000
__Hbigram                                                     bigram       000000
__Hbigsfr                                                     bigsfr       000000
__Hbss                                                        bss          000000
__HbssBANK5                                                   bssBANK5     000000
__HbssBANK6                                                   bssBANK6     000000
__Hcinit                                                      cinit        000000
__Hclrtext                                                    clrtext      000000
__Hcomram                                                     comram       000000
__Hconfig                                                     config       300009
__Hconst                                                      const        000000
__HcstackBANK5                                                cstackBANK5  000000
__HcstackCOMRAM                                               cstackCOMRAM 000000
__Hdata                                                       data         000000
__HdataBIGRAM                                                 dataBIGRAM   000000
__Heeprom_data                                                eeprom_data  000000
__Hfarbss                                                     farbss       000000
__Hfardata                                                    fardata      000000
__Hheap                                                       heap         000000
__Hibigdata                                                   ibigdata     000000
__Hidata                                                      idata        000000
__HidataBIGRAM                                                idataBIGRAM  000000
__Hidloc                                                      idloc        000000
__Hifardata                                                   ifardata     000000
__Hinit                                                       init         008000
__Hintsave_regs                                               intsave_regs 000000
__Hirdata                                                     irdata       000000
__Hmediumconst                                                mediumconst  000000
__HnvBANK5                                                    nvBANK5      000000
__HnvCOMRAM                                                   nvCOMRAM     000000
__HnvFARRAM                                                   nvFARRAM     000000
__Hnvbit                                                      nvbit        000000
__Hnvrram                                                     nvrram       000000
__Hparam                                                      rparam       000000
__Hpowerup                                                    powerup      000000
__Hram                                                        ram          000000
__Hramtop                                                     ramtop       000D00
__Hrbit                                                       rbit         000000
__Hrbss                                                       rbss         000000
__Hrdata                                                      rdata        000000
__Hreset_vec                                                  reset_vec    000004
__Hrparam                                                     rparam       000000
__Hsfr                                                        sfr          000000
__Hsmallconst                                                 smallconst   000D68
__Hspace_0                                                    (abs)        008000
__Hspace_1                                                    (abs)        000C64
__Hspace_2                                                    (abs)        000000
__Hspace_4                                                    (abs)        600009
__Hstack                                                      stack        000000
__Hstruct                                                     struct       000000
__Htemp                                                       temp         000000
__Htext                                                       text         000000
__Htext0                                                      text0        000000
__Htext1                                                      text1        000000
__Htext10                                                     text10       000000
__Htext11                                                     text11       000000
__Htext12                                                     text12       000000
__Htext13                                                     text13       000000
__Htext14                                                     text14       000000
__Htext15                                                     text15       000000
__Htext16                                                     text16       000000
__Htext17                                                     text17       000000
__Htext18                                                     text18       000000
__Htext19                                                     text19       000000
__Htext2                                                      text2        000000
__Htext20                                                     text20       000000
__Htext21                                                     text21       000000
__Htext22                                                     text22       000000
__Htext23                                                     text23       000000
__Htext24                                                     text24       000000
__Htext25                                                     text25       000000
__Htext26                                                     text26       000000
__Htext27                                                     text27       000000
__Htext28                                                     text28       000000
__Htext29                                                     text29       000000
__Htext3                                                      text3        000000
__Htext30                                                     text30       000000
__Htext31                                                     text31       000000
__Htext4                                                      text4        000000
__Htext5                                                      text5        000000
__Htext6                                                      text6        000000
__Htext7                                                      text7        000000
__Htext8                                                      text8        000000
__Htext9                                                      text9        000000
__LRAM                                                        (abs)        000001
__L__absolute__                                               __absolute__ 000000
__Labs1                                                       abs1         000000
__Lbank10                                                     bank10       000000
__Lbank11                                                     bank11       000000
__Lbank12                                                     bank12       000000
__Lbank5                                                      bank5        000000
__Lbank6                                                      bank6        000000
__Lbank7                                                      bank7        000000
__Lbank8                                                      bank8        000000
__Lbank9                                                      bank9        000000
__Lbigbss                                                     bigbss       000000
__Lbigdata                                                    bigdata      000000
__Lbigram                                                     bigram       000000
__Lbigsfr                                                     bigsfr       000000
__Lbss                                                        bss          000000
__LbssBANK5                                                   bssBANK5     000000
__LbssBANK6                                                   bssBANK6     000000
__Lcinit                                                      cinit        000000
__Lclrtext                                                    clrtext      000000
__Lcomram                                                     comram       000000
__Lconfig                                                     config       000000
__Lconst                                                      const        000000
__LcstackBANK5                                                cstackBANK5  000000
__LcstackCOMRAM                                               cstackCOMRAM 000000
__Ldata                                                       data         000000
__LdataBIGRAM                                                 dataBIGRAM   000000
__Leeprom_data                                                eeprom_data  000000
__Lfarbss                                                     farbss       000000
__Lfardata                                                    fardata      000000
__Lheap                                                       heap         000000
__Libigdata                                                   ibigdata     000000
__Lidata                                                      idata        000000
__LidataBIGRAM                                                idataBIGRAM  000000
__Lidloc                                                      idloc        000000
__Lifardata                                                   ifardata     000000
__Linit                                                       init         007FFC
__Lintsave_regs                                               intsave_regs 000000
__Lirdata                                                     irdata       000000
__Lmediumconst                                                mediumconst  000000
__LnvBANK5                                                    nvBANK5      000000
__LnvCOMRAM                                                   nvCOMRAM     000000
__LnvFARRAM                                                   nvFARRAM     000000
__Lnvbit                                                      nvbit        000000
__Lnvrram                                                     nvrram       000000
__Lparam                                                      rparam       000000
__Lpowerup                                                    powerup      000000
__Lram                                                        ram          000000
__Lramtop                                                     ramtop       000D00
__Lrbit                                                       rbit         000000
__Lrbss                                                       rbss         000000
__Lrdata                                                      rdata        000000
__Lreset_vec                                                  reset_vec    000000
__Lrparam                                                     rparam       000000
__Lsfr                                                        sfr          000000
__Lsmallconst                                                 smallconst   000D00
__Lspace_0                                                    (abs)        000000
__Lspace_1                                                    (abs)        000000
__Lspace_2                                                    (abs)        000000
__Lspace_4                                                    (abs)        000000
__Lstack                                                      stack        000000
__Lstruct                                                     struct       000000
__Ltemp                                                       temp         000000
__Ltext                                                       text         000000
__Ltext0                                                      text0        000000
__Ltext1                                                      text1        000000
__Ltext10                                                     text10       000000
__Ltext11                                                     text11       000000
__Ltext12                                                     text12       000000
__Ltext13                                                     text13       000000
__Ltext14                                                     text14       000000
__Ltext15                                                     text15       000000
__Ltext16                                                     text16       000000
__Ltext17                                                     text17       000000
__Ltext18                                                     text18       000000
__Ltext19                                                     text19       000000
__Ltext2                                                      text2        000000
__Ltext20                                                     text20       000000
__Ltext21                                                     text21       000000
__Ltext22                                                     text22       000000
__Ltext23                                                     text23       000000
__Ltext24                                                     text24       000000
__Ltext25                                                     text25       000000
__Ltext26                                                     text26       000000
__Ltext27                                                     text27       000000
__Ltext28                                                     text28       000000
__Ltext29                                                     text29       000000
__Ltext3                                                      text3        000000
__Ltext30                                                     text30       000000
__Ltext31                                                     text31       000000
__Ltext4                                                      text4        000000
__Ltext5                                                      text5        000000
__Ltext6                                                      text6        000000
__Ltext7                                                      text7        000000
__Ltext8                                                      text8        000000
__Ltext9                                                      text9        000000
__S0                                                          (abs)        008000
__S1                                                          (abs)        000C64
__S4                                                          (abs)        000000
__S5                                                          (abs)        000000
___cosdf                                                      text10       002AF6
___cosdf$1856                                                 cstackBANK5  000564
___cosdf$1857                                                 cstackBANK5  000568
___cosdf$1858                                                 cstackBANK5  00056C
___cosdf@r                                                    cstackBANK5  000560
___cosdf@w                                                    cstackBANK5  000570
___cosdf@x                                                    cstackCOMRAM 000551
___cosdf@z                                                    cstackBANK5  000574
___fladd                                                      text12       001876
___fladd@a                                                    cstackCOMRAM 000545
___fladd@aexp                                                 cstackCOMRAM 00054E
___fladd@b                                                    cstackCOMRAM 000541
___fladd@bexp                                                 cstackCOMRAM 00054F
___fladd@grs                                                  cstackCOMRAM 000550
___fladd@signs                                                cstackCOMRAM 00054D
___fldiv                                                      text13       00252A
___fldiv@a                                                    cstackCOMRAM 00052C
___fldiv@aexp                                                 cstackCOMRAM 000540
___fldiv@b                                                    cstackCOMRAM 000528
___fldiv@bexp                                                 cstackCOMRAM 00053F
___fldiv@grs                                                  cstackCOMRAM 00053B
___fldiv@new_exp                                              cstackCOMRAM 000539
___fldiv@rem                                                  cstackCOMRAM 000534
___fldiv@sign                                                 cstackCOMRAM 000538
___flmul                                                      text11       001D36
___flmul@a                                                    cstackCOMRAM 000513
___flmul@aexp                                                 cstackCOMRAM 000520
___flmul@b                                                    cstackCOMRAM 00050F
___flmul@bexp                                                 cstackCOMRAM 000521
___flmul@grs                                                  cstackCOMRAM 00051C
___flmul@prod                                                 cstackCOMRAM 000522
___flmul@sign                                                 cstackCOMRAM 00051B
___flmul@temp                                                 cstackCOMRAM 000526
___flneg                                                      text9        0034B6
___flneg@f1                                                   cstackBANK5  000578
___flsub                                                      text8        003470
___flsub@a                                                    cstackCOMRAM 000555
___flsub@b                                                    cstackCOMRAM 000551
___fltol                                                      text7        0031AC
___fltol@exp1                                                 cstackCOMRAM 00055A
___fltol@f1                                                   cstackCOMRAM 000551
___fltol@sign1                                                cstackCOMRAM 000559
___heap_hi                                                    (abs)        000000
___heap_lo                                                    (abs)        000000
___inthi_sp                                                   stack        000000
___inthi_stack_hi                                             stack        000000
___inthi_stack_lo                                             stack        000000
___intlo_sp                                                   stack        000000
___intlo_stack_hi                                             stack        000000
___intlo_stack_lo                                             stack        000000
___param_bank                                                 (abs)        000000
___rem_pio2f                                                  text4        002160
___rem_pio2f$1859                                             cstackBANK5  000586
___rem_pio2f@F526                                             bssBANK5     0005E9
___rem_pio2f@fn                                               cstackBANK5  00058F
___rem_pio2f@n                                                cstackBANK5  000597
___rem_pio2f@sign                                             cstackBANK5  00058A
___rem_pio2f@t                                                cstackBANK5  000593
___rem_pio2f@ty                                               cstackBANK5  000582
___rem_pio2f@ux                                               cstackBANK5  00058B
___rem_pio2f@x                                                cstackBANK5  00057C
___rem_pio2f@y                                                cstackBANK5  000580
___rparam_used                                                (abs)        000001
___sindf                                                      text3        0028C4
___sindf$1860                                                 cstackBANK5  000568
___sindf$1861                                                 cstackBANK5  00056C
___sindf$1862                                                 cstackBANK5  000570
___sindf@r                                                    cstackBANK5  000560
___sindf@s                                                    cstackBANK5  000574
___sindf@w                                                    cstackBANK5  000564
___sindf@x                                                    cstackCOMRAM 000551
___sindf@z                                                    cstackBANK5  000578
___sp                                                         stack        000000
___stack_hi                                                   stack        000000
___stack_lo                                                   stack        000000
___xxtofl                                                     text6        002CF4
___xxtofl@arg                                                 cstackCOMRAM 00050B
___xxtofl@exp                                                 cstackCOMRAM 00050A
___xxtofl@sign                                                cstackCOMRAM 000509
___xxtofl@val                                                 cstackCOMRAM 000501
__accesstop                                                   (abs)        000560
__activetblptr                                                (abs)        000002
__end_of_C0                                                   smallconst   000D57
__end_of_C1                                                   smallconst   000D53
__end_of_C2                                                   smallconst   000D4F
__end_of_C3                                                   smallconst   000D4B
__end_of_CLOCK_Initialize                                     text30       0035B0
__end_of_DAC1_Initialize                                      text29       0035BC
__end_of_DAC1_SetOutput                                       text31       00361E
__end_of_INT0_SetInterruptHandler                             text28       003616
__end_of_INT1_SetInterruptHandler                             text27       00360C
__end_of_INT2_SetInterruptHandler                             text26       003602
__end_of_INTERRUPT_Initialize                                 text25       003558
__end_of_PIN_MANAGER_Initialize                               text24       003352
__end_of_PWM1_16BIT_Initialize                                text20       00342A
__end_of_PWM1_16BIT_Period_SetInterruptHandler                text23       0035F8
__end_of_PWM1_16BIT_Slice1Output1_SetInterruptHandler         text22       0035EE
__end_of_PWM1_16BIT_Slice1Output2_SetInterruptHandler         text21       0035E4
__end_of_PWM2_16BIT_Initialize                                text16       0033BE
__end_of_PWM2_16BIT_Period_SetInterruptHandler                text19       0035DA
__end_of_PWM2_16BIT_Slice1Output1_SetInterruptHandler         text18       0035D0
__end_of_PWM2_16BIT_Slice1Output2_SetInterruptHandler         text17       0035C6
__end_of_S1                                                   smallconst   000D37
__end_of_S2                                                   smallconst   000D33
__end_of_S3                                                   smallconst   000D2F
__end_of_S4                                                   smallconst   000D2B
__end_of_SPI1_Host                                            smallconst   000D1D
__end_of_SPI1_Initialize                                      text15       003594
__end_of_SYSTEM_Initialize                                    text14       003576
__end_of___cosdf                                              text10       002CF4
__end_of___fladd                                              text12       001D36
__end_of___fldiv                                              text13       0028C4
__end_of___flmul                                              text11       002160
__end_of___flneg                                              text9        0034F0
__end_of___flsub                                              text8        0034B6
__end_of___fltol                                              text7        0032B2
__end_of___rem_pio2f                                          text4        00252A
__end_of___sindf                                              text3        002AF6
__end_of___xxtofl                                             text6        002EA8
__end_of__initialization                                      cinit        003466
__end_of_fabsf                                                text5        003524
__end_of_generate_sine_wave                                   text1        0031AC
__end_of_half                                                 smallconst   000D47
__end_of_invpio2                                              smallconst   000D43
__end_of_main                                                 text0        003048
__end_of_pio2_1                                               smallconst   000D3F
__end_of_pio2_1t                                              smallconst   000D3B
__end_of_s1pio2                                               smallconst   000D67
__end_of_s2pio2                                               smallconst   000D63
__end_of_s3pio2                                               smallconst   000D5F
__end_of_s4pio2                                               smallconst   000D5B
__end_of_sinf                                                 text2        001876
__end_of_spi1_configuration                                   smallconst   000D27
__initialization                                              cinit        00342A
__mediumconst                                                 mediumconst  000000
__pbssBANK5                                                   bssBANK5     0005E5
__pbssBANK6                                                   bssBANK6     000600
__pcinit                                                      cinit        00342A
__pcstackBANK5                                                cstackBANK5  000560
__pcstackCOMRAM                                               cstackCOMRAM 000501
__pdataBIGRAM                                                 dataBIGRAM   000664
__pidataBIGRAM                                                idataBIGRAM  000D68
__pnvBANK5                                                    nvBANK5      0005D5
__pnvCOMRAM                                                   nvCOMRAM     00055D
__psmallconst                                                 smallconst   000D00
__ptext0                                                      text0        002EA8
__ptext1                                                      text1        003048
__ptext10                                                     text10       002AF6
__ptext11                                                     text11       001D36
__ptext12                                                     text12       001876
__ptext13                                                     text13       00252A
__ptext14                                                     text14       003558
__ptext15                                                     text15       003576
__ptext16                                                     text16       003352
__ptext17                                                     text17       0035BC
__ptext18                                                     text18       0035C6
__ptext19                                                     text19       0035D0
__ptext2                                                      text2        001368
__ptext20                                                     text20       0033BE
__ptext21                                                     text21       0035DA
__ptext22                                                     text22       0035E4
__ptext23                                                     text23       0035EE
__ptext24                                                     text24       0032B2
__ptext25                                                     text25       003524
__ptext26                                                     text26       0035F8
__ptext27                                                     text27       003602
__ptext28                                                     text28       00360C
__ptext29                                                     text29       0035B0
__ptext3                                                      text3        0028C4
__ptext30                                                     text30       003594
__ptext31                                                     text31       003616
__ptext4                                                      text4        002160
__ptext5                                                      text5        0034F0
__ptext6                                                      text6        002CF4
__ptext7                                                      text7        0031AC
__ptext8                                                      text8        003470
__ptext9                                                      text9        0034B6
__ramtop                                                      ramtop       000D00
__smallconst                                                  smallconst   000D00
_fabsf                                                        text5        0034F0
_generate_sine_wave                                           text1        003048
_generate_sine_wave$1852                                      cstackBANK5  0005B5
_generate_sine_wave$1853                                      cstackBANK5  0005B9
_generate_sine_wave$1854                                      cstackBANK5  0005BD
_main                                                         text0        002EA8
_rawData                                                      dataBIGRAM   000664
_sine_wave                                                    bssBANK6     000600
_sinf                                                         text2        001368
_sinf$1538                                                    cstackBANK5  00059F
_sinf$1539                                                    cstackBANK5  0005A3
_sinf$1855                                                    cstackBANK5  0005A9
_spi1_configuration                                           smallconst   000D1D
end_of_initialization                                         cinit        003466
fabsf@F465                                                    bssBANK5     0005E5
fabsf@u                                                       cstackCOMRAM 000505
fabsf@x                                                       cstackCOMRAM 000501
generate_sine_wave@i                                          cstackBANK5  0005C1
intlevel0                                                     text         000000
intlevel1                                                     text         000000
intlevel2                                                     text         000000
intlevel3                                                     text         000000
isa$std                                                       (abs)        000001
isa$xinst                                                     (abs)        000000
main@bShow                                                    cstackBANK5  0005CB
main@counter                                                  cstackBANK5  0005D0
main@light                                                    cstackBANK5  0005D4
main@xxx                                                      cstackBANK5  0005CC
main@yyy                                                      cstackBANK5  0005C7
sinf@n                                                        cstackBANK5  0005A7
sinf@sign                                                     cstackBANK5  0005A8
sinf@ux                                                       cstackBANK5  0005B1
sinf@x                                                        cstackBANK5  00059B
sinf@y                                                        cstackBANK5  0005AD
stackhi                                                       (abs)        000000
stacklo                                                       (abs)        000000
start                                                         init         007FFC
start_initialization                                          cinit        00342A


MODULE INFORMATION

Module		Function		Class		Link	Load	Size
S:\XC8C\pic\sources\c99\common\sinf.c
		_sinf          		CODE           	1368	0000	1294

S:\XC8C\pic\sources\c99\common\sinf.c estimated size: 1294

S:\XC8C\pic\sources\c99\common\sprcadd.c
		___flsub       		CODE           	3470	0000	70
		___fladd       		CODE           	1876	0000	1216

S:\XC8C\pic\sources\c99\common\sprcadd.c estimated size: 1286

S:\XC8C\pic\sources\c99\common\fltol.c
		___fltol       		CODE           	31AC	0000	262

S:\XC8C\pic\sources\c99\common\fltol.c estimated size: 262

mcc_generated_files/system/src/interrupt.c
		_INT0_SetInterruptHandler		CODE           	360C	0000	10
		_INT1_SetInterruptHandler		CODE           	3602	0000	10
		_INT2_SetInterruptHandler		CODE           	35F8	0000	10
		_INTERRUPT_Initialize		CODE           	3524	0000	52

mcc_generated_files/system/src/interrupt.c estimated size: 82

mcc_generated_files/pwm/src/pwm1_16bit.c
		_PWM1_16BIT_Period_SetInterruptHandler		CODE           	35EE	0000	10
		_PWM1_16BIT_Slice1Output1_SetInterruptHandler		CODE           	35E4	0000	10
		_PWM1_16BIT_Slice1Output2_SetInterruptHandler		CODE           	35DA	0000	10
		_PWM1_16BIT_Initialize		CODE           	33BE	0000	108

mcc_generated_files/pwm/src/pwm1_16bit.c estimated size: 138

mcc_generated_files/system/src/pins.c
		_PIN_MANAGER_Initialize		CODE           	32B2	0000	160

mcc_generated_files/system/src/pins.c estimated size: 160

mcc_generated_files/dac/src/dac1.c
		_DAC1_SetOutput		CODE           	3616	0000	8
		_DAC1_Initialize		CODE           	35B0	0000	12

mcc_generated_files/dac/src/dac1.c estimated size: 20

shared
		_S1            		SMALLCONST     	0000	0000	0
		_S2            		SMALLCONST     	0000	0000	0
		_S3            		SMALLCONST     	0000	0000	0
		_S4            		SMALLCONST     	0000	0000	0
		_s1pio2        		SMALLCONST     	0000	0000	0
		__initialization		CODE           	342A	0000	60
		_SPI1_Host     		SMALLCONST     	0D01	0000	28
		_s2pio2        		SMALLCONST     	0000	0000	0
		_s3pio2        		SMALLCONST     	0000	0000	0
		_s4pio2        		SMALLCONST     	0000	0000	0
		_pio2_1t       		SMALLCONST     	0000	0000	0
		_half          		SMALLCONST     	0000	0000	0
		_pio2_1        		SMALLCONST     	0000	0000	0
		_C0            		SMALLCONST     	0000	0000	0
		_C1            		SMALLCONST     	0000	0000	0
		_C2            		SMALLCONST     	0000	0000	0
		_C3            		SMALLCONST     	0000	0000	0
		_invpio2       		SMALLCONST     	0000	0000	0
		_spi1_configuration		SMALLCONST     	0D1D	0000	10

shared estimated size: 98

S:\XC8C\pic\sources\c99\common\xxtofl.c
		___xxtofl      		CODE           	2CF4	0000	436

S:\XC8C\pic\sources\c99\common\xxtofl.c estimated size: 436

S:\XC8C\pic\sources\c99\common\flneg.c
		___flneg       		CODE           	34B6	0000	58

S:\XC8C\pic\sources\c99\common\flneg.c estimated size: 58

S:\XC8C\pic\sources\c99\common\fabsf.c
		_fabsf         		CODE           	34F0	0000	52

S:\XC8C\pic\sources\c99\common\fabsf.c estimated size: 52

mcc_generated_files/system/src/clock.c
		_CLOCK_Initialize		CODE           	3594	0000	28

mcc_generated_files/system/src/clock.c estimated size: 28

S:\XC8C\pic\sources\c99\common\__cosdf.c
		___cosdf       		CODE           	2AF6	0000	510

S:\XC8C\pic\sources\c99\common\__cosdf.c estimated size: 510

S:\XC8C\pic\sources\c99\common\sprcmul.c
		___flmul       		CODE           	1D36	0000	1066

S:\XC8C\pic\sources\c99\common\sprcmul.c estimated size: 1066

main.c
		_generate_sine_wave		CODE           	3048	0000	356
		_main          		CODE           	2EA8	0000	416

main.c estimated size: 772

S:\XC8C\pic\sources\c99\common\__sindf.c
		___sindf       		CODE           	28C4	0000	562

S:\XC8C\pic\sources\c99\common\__sindf.c estimated size: 562

S:\XC8C\pic\sources\c99\common\sprcdiv.c
		___fldiv       		CODE           	252A	0000	922

S:\XC8C\pic\sources\c99\common\sprcdiv.c estimated size: 922

mcc_generated_files/pwm/src/pwm2_16bit.c
		_PWM2_16BIT_Period_SetInterruptHandler		CODE           	35D0	0000	10
		_PWM2_16BIT_Slice1Output1_SetInterruptHandler		CODE           	35C6	0000	10
		_PWM2_16BIT_Slice1Output2_SetInterruptHandler		CODE           	35BC	0000	10
		_PWM2_16BIT_Initialize		CODE           	3352	0000	108

mcc_generated_files/pwm/src/pwm2_16bit.c estimated size: 138

S:\XC8C\pic\sources\c99\common\__rem_pio2f.c
		___rem_pio2f   		CODE           	2160	0000	970

S:\XC8C\pic\sources\c99\common\__rem_pio2f.c estimated size: 970

mcc_generated_files/system/src/system.c
		_SYSTEM_Initialize		CODE           	3558	0000	30

mcc_generated_files/system/src/system.c estimated size: 30

mcc_generated_files/spi/src/spi1.c
		_SPI1_Initialize		CODE           	3576	0000	30

mcc_generated_files/spi/src/spi1.c estimated size: 30

