Microchip MPLAB XC8 Compiler V2.46

Linker command line:

-W-3 --edf=S:\XC8C\pic\dat\20240104201356_en.msgs -cn \
  -h+dist/default/production\MagicMyc.production.sym \
  --cmf=dist/default/production\MagicMyc.production.cmf -z -Q18F15Q41 \
  -oC:\Users\chris\AppData\Local\Temp\xcAs9fo.\driver_tmp_3.o \
  --defsym=__MPLAB_BUILD=1 --fixupoverflow=error \
  -Mdist/default/production/MagicMyc.production.map \
  --md=C:\Users\chris\AppData\Local\Temp\xcAs9fo.\driver_tmp_0.dat -E1 \
  -ver=XC8 Compiler --acfsm=1493 -ACODE=00h-07FFFh -ACONST=00h-07FFFh \
  -ASMALLCONST=0D00h-0DFFhx115 -AMEDIUMCONST=0D00h-07FFFh \
  -ACOMRAM=0501h-055Fh -AABS1=0500h-0CFFh -ABIGRAM=0501h-0CFFh \
  -ARAM=0560h-05FFh,0600h-06FFhx7 -ABANK5=0560h-05FFh -ABANK6=0600h-06FFh \
  -ABANK7=0700h-07FFh -ABANK8=0800h-08FFh -ABANK9=0900h-09FFh \
  -ABANK10=0A00h-0AFFh -ABANK11=0B00h-0BFFh -ABANK12=0C00h-0CFFh \
  -ASFR=00h-0FFhx4,0400h-045Fh,0460h-04FFh,0D00h-0DFFh \
  -ABIGSFR=00h-04FFh,0D00h-0DFFh -ACONFIG=0300000h-0300011h \
  -AIDLOC=0200000h-020003Fh -AEEDATA=0380000h-03801FFh -peeprom_data=EEDATA \
  -preset_vec=00h -ppowerup=CODE,init -pramtop=0D00h \
  -psmallconst=SMALLCONST -pmediumconst=MEDIUMCONST -pconst=CONST \
  -AFARRAM=00h-00h \
  -prdata=COMRAM,nvrram=COMRAM,nvbit=COMRAM,rbss=COMRAM,rbit=COMRAM \
  -pfarbss=FARRAM,fardata=FARRAM,nvFARRAM=FARRAM \
  -pintsave_regs=BIGRAM,bigbss=BIGRAM,bigdata=BIGRAM -pbss=RAM \
  -pidata=CODE,irdata=CODE,ibigdata=CODE,ifardata=CODE -prparam=COMRAM \
  C:\Users\chris\AppData\Local\Temp\xcAs9fo.\driver_tmp_9.o \
  dist/default/production\MagicMyc.production.o 

Object code version is 3.11

Machine type is 18F15Q41



                Name                               Link     Load   Length Selector   Space Scale
C:\Users\chris\AppData\Local\Temp\xcAs9fo.\driver_tmp_9.o
                config                           300000   300000        9        0       4
                init                               7FFC     7FFC        4     3FFE       0
                reset_vec                             0        0        4        0       0
dist/default/production\MagicMyc.production.o
                config                           300000   300000        9        0       4
                smallconst                          D00      D00       28      680       0
                text18                              F08      F08       30      694       0
                text17                              F74      F74       1C      694       0
                text16                              F90      F90        C      694       0
                text15                              FF6      FF6        A      694       0
                text14                              FEC      FEC        A      694       0
                text13                              FE2      FE2        A      694       0
                text12                              ED4      ED4       34      694       0
                text11                              D28      D28       A0      694       0
                text10                              FD8      FD8        A      694       0
                text9                               FCE      FCE        A      694       0
                text8                               FC4      FC4        A      694       0
                text7                               E34      E34       6C      694       0
                text6                               FBA      FBA        A      694       0
                text5                               FB0      FB0        A      694       0
                text4                               FA6      FA6        A      694       0
                text3                               DC8      DC8       6C      694       0
                text2                               F56      F56       1E      694       0
                text1                               F38      F38       1E      694       0
                text0                               EA0      EA0       34      694       0
                cstackCOMRAM                        513      513        3      501       1
                cinit                               F9C      F9C        A      694       0
                nvCOMRAM                            501      501       12      501       1

TOTAL           Name                               Link     Load   Length     Space
        CLASS   CODE           
                init                               7FFC     7FFC        4         0
                reset_vec                             0        0        4         0
                text18                              F08      F08       30         0
                text17                              F74      F74       1C         0
                text16                              F90      F90        C         0
                text15                              FF6      FF6        A         0
                text14                              FEC      FEC        A         0
                text13                              FE2      FE2        A         0
                text12                              ED4      ED4       34         0
                text11                              D28      D28       A0         0
                text10                              FD8      FD8        A         0
                text9                               FCE      FCE        A         0
                text8                               FC4      FC4        A         0
                text7                               E34      E34       6C         0
                text6                               FBA      FBA        A         0
                text5                               FB0      FB0        A         0
                text4                               FA6      FA6        A         0
                text3                               DC8      DC8       6C         0
                text2                               F56      F56       1E         0
                text1                               F38      F38       1E         0
                text0                               EA0      EA0       34         0
                cinit                               F9C      F9C        A         0

        CLASS   CONST          

        CLASS   SMALLCONST     
                smallconst                          D00      D00       28         0

        CLASS   MEDIUMCONST    

        CLASS   COMRAM         
                cstackCOMRAM                        513      513        3         1
                nvCOMRAM                            501      501       12         1

        CLASS   ABS1           

        CLASS   BIGRAM         

        CLASS   RAM            

        CLASS   BANK5          

        CLASS   BANK6          

        CLASS   BANK7          

        CLASS   BANK8          

        CLASS   BANK9          

        CLASS   BANK10         

        CLASS   BANK11         

        CLASS   BANK12         

        CLASS   SFR            

        CLASS   BIGSFR         

        CLASS   CONFIG         
                config                           300000   300000        9         4

        CLASS   IDLOC          

        CLASS   EEDATA         

        CLASS   FARRAM         

        CLASS   HEAP           

        CLASS   STACK          



SEGMENTS        Name                           Load    Length   Top    Selector   Space  Class

                reset_vec                      000000  000004  000004         0       0  CODE    
                nvCOMRAM                       000501  000015  000516       501       1  COMRAM  
                smallconst                     000D00  000028  000D28       680       0  SMALLCON
                text11                         000D28  0002D8  001000       694       0  CODE    
                init                           007FFC  000004  008000      3FFE       0  CODE    


UNUSED ADDRESS RANGES

        Name                Unused          Largest block    Delta
        BANK10           000A00-000AFF              100
        BANK11           000B00-000BFF              100
        BANK12           000C00-000CFF              100
        BANK5            000560-0005FF               A0
        BANK6            000600-0006FF              100
        BANK7            000700-0007FF              100
        BANK8            000800-0008FF              100
        BANK9            000900-0009FF              100
        BIGRAM           000516-000CFF              7EA
        BIGSFR           000000-0004FF              500
                         000D00-000DFF              100
        CODE             000004-000CFF              CFC
                         001000-007FFB             6FFC
        COMRAM           000516-00055F               4A
        CONFIG           300009-300011                9
        CONST            000004-000CFF              CFC
                         001000-007FFB             6FFC
        EEDATA           380000-3801FF              200
        IDLOC            200000-20003F               40
        MEDIUMCONST      001000-007FFB             6FFC
        RAM              000560-000CFF              100
        SFR              000000-0004FF              100
                         000D00-000DFF              100
        SMALLCONST       001000-007FFB              100

                                  Symbol Table

DELAY_milliseconds@milliseconds                               cstackCOMRAM 000513
INT0_SetInterruptHandler@InterruptHandler                     cstackCOMRAM 000513
INT1_SetInterruptHandler@InterruptHandler                     cstackCOMRAM 000513
INT2_SetInterruptHandler@InterruptHandler                     cstackCOMRAM 000513
PWM1_16BIT_Period_SetInterruptHandler@InterruptHandler        cstackCOMRAM 000513
PWM1_16BIT_Slice1Output1_SetInterruptHandler@InterruptHandler cstackCOMRAM 000513
PWM1_16BIT_Slice1Output2_SetInterruptHandler@InterruptHandler cstackCOMRAM 000513
PWM2_16BIT_Period_SetInterruptHandler@InterruptHandler        cstackCOMRAM 000513
PWM2_16BIT_Slice1Output1_SetInterruptHandler@InterruptHandler cstackCOMRAM 000513
PWM2_16BIT_Slice1Output2_SetInterruptHandler@InterruptHandler cstackCOMRAM 000513
_ACTCON                                                       (abs)        0000AC
_ANSELA                                                       (abs)        000400
_ANSELB                                                       (abs)        000408
_ANSELC                                                       (abs)        000410
_CLOCK_Initialize                                             text17       000F74
_DAC1CON                                                      (abs)        00007F
_DAC1DATL                                                     (abs)        00007D
_DAC1_Initialize                                              text16       000F90
_DELAY_milliseconds                                           text18       000F08
_INLVLA                                                       (abs)        000404
_INLVLB                                                       (abs)        00040C
_INLVLC                                                       (abs)        000414
_INT0_DefaultInterruptHandler                                 (abs)        000000
_INT0_InterruptHandler                                        nvCOMRAM     000505
_INT0_SetInterruptHandler                                     text15       000FF6
_INT1_DefaultInterruptHandler                                 (abs)        000000
_INT1_InterruptHandler                                        nvCOMRAM     000503
_INT1_SetInterruptHandler                                     text14       000FEC
_INT2_DefaultInterruptHandler                                 (abs)        000000
_INT2_InterruptHandler                                        nvCOMRAM     000501
_INT2_SetInterruptHandler                                     text13       000FE2
_INTCON0bits                                                  (abs)        0004D6
_INTERRUPT_Initialize                                         text12       000ED4
_IOCAF                                                        (abs)        000407
_IOCAN                                                        (abs)        000406
_IOCAP                                                        (abs)        000405
_IOCBF                                                        (abs)        00040F
_IOCBN                                                        (abs)        00040E
_IOCBP                                                        (abs)        00040D
_IOCCF                                                        (abs)        000417
_IOCCN                                                        (abs)        000416
_IOCCP                                                        (abs)        000415
_LATA                                                         (abs)        0004BE
_LATB                                                         (abs)        0004BF
_LATC                                                         (abs)        0004C0
_ODCONA                                                       (abs)        000402
_ODCONB                                                       (abs)        00040A
_ODCONC                                                       (abs)        000412
_OSCCON1                                                      (abs)        0000AD
_OSCCON3                                                      (abs)        0000AF
_OSCEN                                                        (abs)        0000B3
_OSCFRQ                                                       (abs)        0000B1
_OSCTUNE                                                      (abs)        0000B0
_PIE3bits                                                     (abs)        0004AB
_PIE4bits                                                     (abs)        0004AC
_PIE5bits                                                     (abs)        0004AD
_PIN_MANAGER_Initialize                                       text11       000D28
_PIR10bits                                                    (abs)        0004BD
_PIR1bits                                                     (abs)        0004B4
_PIR3bits                                                     (abs)        0004B6
_PIR4bits                                                     (abs)        0004B7
_PIR5bits                                                     (abs)        0004B8
_PIR6bits                                                     (abs)        0004B9
_PORTB                                                        (abs)        0004CF
_PWM1CLK                                                      (abs)        000461
_PWM1CON                                                      (abs)        000469
_PWM1CONbits                                                  (abs)        000469
_PWM1CPRE                                                     (abs)        000465
_PWM1ERS                                                      (abs)        000460
_PWM1GIE                                                      (abs)        000468
_PWM1GIEbits                                                  (abs)        000468
_PWM1GIR                                                      (abs)        000467
_PWM1GIRbits                                                  (abs)        000467
_PWM1LDS                                                      (abs)        000462
_PWM1PIPOS                                                    (abs)        000466
_PWM1PRH                                                      (abs)        000464
_PWM1PRL                                                      (abs)        000463
_PWM1S1CFG                                                    (abs)        00046A
_PWM1S1P1H                                                    (abs)        00046C
_PWM1S1P1L                                                    (abs)        00046B
_PWM1S1P2H                                                    (abs)        00046E
_PWM1S1P2L                                                    (abs)        00046D
_PWM1_16BIT_Initialize                                        text7        000E34
_PWM1_16BIT_Period_DefaultInterruptHandler                    (abs)        000000
_PWM1_16BIT_Period_InterruptHandler                           nvCOMRAM     00050D
_PWM1_16BIT_Period_SetInterruptHandler                        text10       000FD8
_PWM1_16BIT_Slice1Output1_DefaultInterruptHandler             (abs)        000000
_PWM1_16BIT_Slice1Output1_InterruptHandler                    nvCOMRAM     000511
_PWM1_16BIT_Slice1Output1_SetInterruptHandler                 text9        000FCE
_PWM1_16BIT_Slice1Output2_DefaultInterruptHandler             (abs)        000000
_PWM1_16BIT_Slice1Output2_InterruptHandler                    nvCOMRAM     00050F
_PWM1_16BIT_Slice1Output2_SetInterruptHandler                 text8        000FC4
_PWM2CLK                                                      (abs)        000470
_PWM2CON                                                      (abs)        000478
_PWM2CONbits                                                  (abs)        000478
_PWM2CPRE                                                     (abs)        000474
_PWM2ERS                                                      (abs)        00046F
_PWM2GIE                                                      (abs)        000477
_PWM2GIEbits                                                  (abs)        000477
_PWM2GIR                                                      (abs)        000476
_PWM2GIRbits                                                  (abs)        000476
_PWM2LDS                                                      (abs)        000471
_PWM2PIPOS                                                    (abs)        000475
_PWM2PRH                                                      (abs)        000473
_PWM2PRL                                                      (abs)        000472
_PWM2S1CFG                                                    (abs)        000479
_PWM2S1P1H                                                    (abs)        00047B
_PWM2S1P1L                                                    (abs)        00047A
_PWM2S1P2H                                                    (abs)        00047D
_PWM2S1P2L                                                    (abs)        00047C
_PWM2_16BIT_Initialize                                        text3        000DC8
_PWM2_16BIT_Period_DefaultInterruptHandler                    (abs)        000000
_PWM2_16BIT_Period_InterruptHandler                           nvCOMRAM     000507
_PWM2_16BIT_Period_SetInterruptHandler                        text6        000FBA
_PWM2_16BIT_Slice1Output1_DefaultInterruptHandler             (abs)        000000
_PWM2_16BIT_Slice1Output1_InterruptHandler                    nvCOMRAM     00050B
_PWM2_16BIT_Slice1Output1_SetInterruptHandler                 text5        000FB0
_PWM2_16BIT_Slice1Output2_DefaultInterruptHandler             (abs)        000000
_PWM2_16BIT_Slice1Output2_InterruptHandler                    nvCOMRAM     000509
_PWM2_16BIT_Slice1Output2_SetInterruptHandler                 text4        000FA6
_RA4PPS                                                       (abs)        000205
_RA5PPS                                                       (abs)        000206
_RB4I2C                                                       (abs)        000287
_RB4PPS                                                       (abs)        00020D
_RB5PPS                                                       (abs)        00020E
_RB6I2C                                                       (abs)        000286
_RC5PPS                                                       (abs)        000216
_SLRCONA                                                      (abs)        000403
_SLRCONB                                                      (abs)        00040B
_SLRCONC                                                      (abs)        000413
_SPI1BAUD                                                     (abs)        000089
_SPI1CLK                                                      (abs)        00008C
_SPI1CON0                                                     (abs)        000084
_SPI1CON0bits                                                 (abs)        000084
_SPI1CON1                                                     (abs)        000085
_SPI1CON2                                                     (abs)        000086
_SPI1INTFbits                                                 (abs)        00008A
_SPI1RXB                                                      (abs)        000080
_SPI1SCKPPS                                                   (abs)        00026A
_SPI1SDIPPS                                                   (abs)        00026B
_SPI1TCNTH                                                    (abs)        000083
_SPI1TCNTL                                                    (abs)        000082
_SPI1TXB                                                      (abs)        000081
_SPI1_BufferExchange                                          (abs)        000000
_SPI1_BufferRead                                              (abs)        000000
_SPI1_BufferWrite                                             (abs)        000000
_SPI1_ByteExchange                                            (abs)        000000
_SPI1_ByteRead                                                (abs)        000000
_SPI1_ByteWrite                                               (abs)        000000
_SPI1_Close                                                   (abs)        000000
_SPI1_Deinitialize                                            (abs)        000000
_SPI1_Host                                                    smallconst   000D01
_SPI1_Initialize                                              text2        000F56
_SPI1_IsRxReady                                               (abs)        000000
_SPI1_IsTxReady                                               (abs)        000000
_SPI1_Open                                                    (abs)        000000
_SYSTEM_Initialize                                            text1        000F38
_TRISA                                                        (abs)        0004C6
_TRISB                                                        (abs)        0004C7
_TRISBbits                                                    (abs)        0004C7
_TRISC                                                        (abs)        0004C8
_WPUA                                                         (abs)        000401
_WPUB                                                         (abs)        000409
_WPUC                                                         (abs)        000411
__HRAM                                                        (abs)        000000
__H__absolute__                                               __absolute__ 000000
__Habs1                                                       abs1         000000
__Hbank10                                                     bank10       000000
__Hbank11                                                     bank11       000000
__Hbank12                                                     bank12       000000
__Hbank5                                                      bank5        000000
__Hbank6                                                      bank6        000000
__Hbank7                                                      bank7        000000
__Hbank8                                                      bank8        000000
__Hbank9                                                      bank9        000000
__Hbigbss                                                     bigbss       000000
__Hbigdata                                                    bigdata      000000
__Hbigram                                                     bigram       000000
__Hbigsfr                                                     bigsfr       000000
__Hbss                                                        bss          000000
__Hcinit                                                      cinit        000000
__Hclrtext                                                    clrtext      000000
__Hcomram                                                     comram       000000
__Hconfig                                                     config       300009
__Hconst                                                      const        000000
__HcstackCOMRAM                                               cstackCOMRAM 000000
__Hdata                                                       data         000000
__Heeprom_data                                                eeprom_data  000000
__Hfarbss                                                     farbss       000000
__Hfardata                                                    fardata      000000
__Hheap                                                       heap         000000
__Hibigdata                                                   ibigdata     000000
__Hidata                                                      idata        000000
__Hidloc                                                      idloc        000000
__Hifardata                                                   ifardata     000000
__Hinit                                                       init         008000
__Hintsave_regs                                               intsave_regs 000000
__Hirdata                                                     irdata       000000
__Hmediumconst                                                mediumconst  000000
__HnvCOMRAM                                                   nvCOMRAM     000000
__HnvFARRAM                                                   nvFARRAM     000000
__Hnvbit                                                      nvbit        000000
__Hnvrram                                                     nvrram       000000
__Hparam                                                      rparam       000000
__Hpowerup                                                    powerup      000000
__Hram                                                        ram          000000
__Hramtop                                                     ramtop       000D00
__Hrbit                                                       rbit         000000
__Hrbss                                                       rbss         000000
__Hrdata                                                      rdata        000000
__Hreset_vec                                                  reset_vec    000004
__Hrparam                                                     rparam       000000
__Hsfr                                                        sfr          000000
__Hsmallconst                                                 smallconst   000D28
__Hspace_0                                                    (abs)        008000
__Hspace_1                                                    (abs)        000516
__Hspace_2                                                    (abs)        000000
__Hspace_4                                                    (abs)        600009
__Hstack                                                      stack        000000
__Hstruct                                                     struct       000000
__Htemp                                                       temp         000000
__Htext                                                       text         000000
__Htext0                                                      text0        000000
__Htext1                                                      text1        000000
__Htext10                                                     text10       000000
__Htext11                                                     text11       000000
__Htext12                                                     text12       000000
__Htext13                                                     text13       000000
__Htext14                                                     text14       000000
__Htext15                                                     text15       000000
__Htext16                                                     text16       000000
__Htext17                                                     text17       000000
__Htext18                                                     text18       000000
__Htext2                                                      text2        000000
__Htext3                                                      text3        000000
__Htext4                                                      text4        000000
__Htext5                                                      text5        000000
__Htext6                                                      text6        000000
__Htext7                                                      text7        000000
__Htext8                                                      text8        000000
__Htext9                                                      text9        000000
__LRAM                                                        (abs)        000001
__L__absolute__                                               __absolute__ 000000
__Labs1                                                       abs1         000000
__Lbank10                                                     bank10       000000
__Lbank11                                                     bank11       000000
__Lbank12                                                     bank12       000000
__Lbank5                                                      bank5        000000
__Lbank6                                                      bank6        000000
__Lbank7                                                      bank7        000000
__Lbank8                                                      bank8        000000
__Lbank9                                                      bank9        000000
__Lbigbss                                                     bigbss       000000
__Lbigdata                                                    bigdata      000000
__Lbigram                                                     bigram       000000
__Lbigsfr                                                     bigsfr       000000
__Lbss                                                        bss          000000
__Lcinit                                                      cinit        000000
__Lclrtext                                                    clrtext      000000
__Lcomram                                                     comram       000000
__Lconfig                                                     config       000000
__Lconst                                                      const        000000
__LcstackCOMRAM                                               cstackCOMRAM 000000
__Ldata                                                       data         000000
__Leeprom_data                                                eeprom_data  000000
__Lfarbss                                                     farbss       000000
__Lfardata                                                    fardata      000000
__Lheap                                                       heap         000000
__Libigdata                                                   ibigdata     000000
__Lidata                                                      idata        000000
__Lidloc                                                      idloc        000000
__Lifardata                                                   ifardata     000000
__Linit                                                       init         007FFC
__Lintsave_regs                                               intsave_regs 000000
__Lirdata                                                     irdata       000000
__Lmediumconst                                                mediumconst  000000
__LnvCOMRAM                                                   nvCOMRAM     000000
__LnvFARRAM                                                   nvFARRAM     000000
__Lnvbit                                                      nvbit        000000
__Lnvrram                                                     nvrram       000000
__Lparam                                                      rparam       000000
__Lpowerup                                                    powerup      000000
__Lram                                                        ram          000000
__Lramtop                                                     ramtop       000D00
__Lrbit                                                       rbit         000000
__Lrbss                                                       rbss         000000
__Lrdata                                                      rdata        000000
__Lreset_vec                                                  reset_vec    000000
__Lrparam                                                     rparam       000000
__Lsfr                                                        sfr          000000
__Lsmallconst                                                 smallconst   000D00
__Lspace_0                                                    (abs)        000000
__Lspace_1                                                    (abs)        000000
__Lspace_2                                                    (abs)        000000
__Lspace_4                                                    (abs)        000000
__Lstack                                                      stack        000000
__Lstruct                                                     struct       000000
__Ltemp                                                       temp         000000
__Ltext                                                       text         000000
__Ltext0                                                      text0        000000
__Ltext1                                                      text1        000000
__Ltext10                                                     text10       000000
__Ltext11                                                     text11       000000
__Ltext12                                                     text12       000000
__Ltext13                                                     text13       000000
__Ltext14                                                     text14       000000
__Ltext15                                                     text15       000000
__Ltext16                                                     text16       000000
__Ltext17                                                     text17       000000
__Ltext18                                                     text18       000000
__Ltext2                                                      text2        000000
__Ltext3                                                      text3        000000
__Ltext4                                                      text4        000000
__Ltext5                                                      text5        000000
__Ltext6                                                      text6        000000
__Ltext7                                                      text7        000000
__Ltext8                                                      text8        000000
__Ltext9                                                      text9        000000
__S0                                                          (abs)        008000
__S1                                                          (abs)        000516
__S4                                                          (abs)        000000
__S5                                                          (abs)        000000
___heap_hi                                                    (abs)        000000
___heap_lo                                                    (abs)        000000
___inthi_sp                                                   stack        000000
___inthi_stack_hi                                             stack        000000
___inthi_stack_lo                                             stack        000000
___intlo_sp                                                   stack        000000
___intlo_stack_hi                                             stack        000000
___intlo_stack_lo                                             stack        000000
___param_bank                                                 (abs)        000000
___rparam_used                                                (abs)        000001
___sp                                                         stack        000000
___stack_hi                                                   stack        000000
___stack_lo                                                   stack        000000
__accesstop                                                   (abs)        000560
__activetblptr                                                (abs)        000002
__end_of_CLOCK_Initialize                                     text17       000F90
__end_of_DAC1_Initialize                                      text16       000F9C
__end_of_DELAY_milliseconds                                   text18       000F38
__end_of_INT0_SetInterruptHandler                             text15       001000
__end_of_INT1_SetInterruptHandler                             text14       000FF6
__end_of_INT2_SetInterruptHandler                             text13       000FEC
__end_of_INTERRUPT_Initialize                                 text12       000F08
__end_of_PIN_MANAGER_Initialize                               text11       000DC8
__end_of_PWM1_16BIT_Initialize                                text7        000EA0
__end_of_PWM1_16BIT_Period_SetInterruptHandler                text10       000FE2
__end_of_PWM1_16BIT_Slice1Output1_SetInterruptHandler         text9        000FD8
__end_of_PWM1_16BIT_Slice1Output2_SetInterruptHandler         text8        000FCE
__end_of_PWM2_16BIT_Initialize                                text3        000E34
__end_of_PWM2_16BIT_Period_SetInterruptHandler                text6        000FC4
__end_of_PWM2_16BIT_Slice1Output1_SetInterruptHandler         text5        000FBA
__end_of_PWM2_16BIT_Slice1Output2_SetInterruptHandler         text4        000FB0
__end_of_SPI1_Host                                            smallconst   000D1D
__end_of_SPI1_Initialize                                      text2        000F74
__end_of_SYSTEM_Initialize                                    text1        000F56
__end_of__initialization                                      cinit        000F9C
__end_of_main                                                 text0        000ED4
__end_of_spi1_configuration                                   smallconst   000D27
__initialization                                              cinit        000F9C
__mediumconst                                                 mediumconst  000000
__pcinit                                                      cinit        000F9C
__pcstackCOMRAM                                               cstackCOMRAM 000513
__pnvCOMRAM                                                   nvCOMRAM     000501
__psmallconst                                                 smallconst   000D00
__ptext0                                                      text0        000EA0
__ptext1                                                      text1        000F38
__ptext10                                                     text10       000FD8
__ptext11                                                     text11       000D28
__ptext12                                                     text12       000ED4
__ptext13                                                     text13       000FE2
__ptext14                                                     text14       000FEC
__ptext15                                                     text15       000FF6
__ptext16                                                     text16       000F90
__ptext17                                                     text17       000F74
__ptext18                                                     text18       000F08
__ptext2                                                      text2        000F56
__ptext3                                                      text3        000DC8
__ptext4                                                      text4        000FA6
__ptext5                                                      text5        000FB0
__ptext6                                                      text6        000FBA
__ptext7                                                      text7        000E34
__ptext8                                                      text8        000FC4
__ptext9                                                      text9        000FCE
__ramtop                                                      ramtop       000D00
__smallconst                                                  smallconst   000D00
_main                                                         text0        000EA0
_spi1_configuration                                           smallconst   000D1D
end_of_initialization                                         cinit        000F9C
intlevel0                                                     text         000000
intlevel1                                                     text         000000
intlevel2                                                     text         000000
intlevel3                                                     text         000000
isa$std                                                       (abs)        000001
isa$xinst                                                     (abs)        000000
stackhi                                                       (abs)        000000
stacklo                                                       (abs)        000000
start                                                         init         007FFC
start_initialization                                          cinit        000F9C


MODULE INFORMATION

Module		Function		Class		Link	Load	Size
mcc_generated_files/system/src/interrupt.c
		_INT0_SetInterruptHandler		CODE           	0FF6	0000	10
		_INT1_SetInterruptHandler		CODE           	0FEC	0000	10
		_INT2_SetInterruptHandler		CODE           	0FE2	0000	10
		_INTERRUPT_Initialize		CODE           	0ED4	0000	52

mcc_generated_files/system/src/interrupt.c estimated size: 82

mcc_generated_files/pwm/src/pwm1_16bit.c
		_PWM1_16BIT_Period_SetInterruptHandler		CODE           	0FD8	0000	10
		_PWM1_16BIT_Slice1Output1_SetInterruptHandler		CODE           	0FCE	0000	10
		_PWM1_16BIT_Slice1Output2_SetInterruptHandler		CODE           	0FC4	0000	10
		_PWM1_16BIT_Initialize		CODE           	0E34	0000	108

mcc_generated_files/pwm/src/pwm1_16bit.c estimated size: 138

mcc_generated_files/system/src/pins.c
		_PIN_MANAGER_Initialize		CODE           	0D28	0000	160

mcc_generated_files/system/src/pins.c estimated size: 160

mcc_generated_files/timer/src/delay.c
		_DELAY_milliseconds		CODE           	0F08	0000	48

mcc_generated_files/timer/src/delay.c estimated size: 48

mcc_generated_files/dac/src/dac1.c
		_DAC1_Initialize		CODE           	0F90	0000	12

mcc_generated_files/dac/src/dac1.c estimated size: 12

shared
		__initialization		CODE           	0F9C	0000	1
		_SPI1_Host     		SMALLCONST     	0D01	0000	28
		_spi1_configuration		SMALLCONST     	0D1D	0000	10

shared estimated size: 39

mcc_generated_files/system/src/clock.c
		_CLOCK_Initialize		CODE           	0F74	0000	28

mcc_generated_files/system/src/clock.c estimated size: 28

main.c
		_main          		CODE           	0EA0	0000	52

main.c estimated size: 52

mcc_generated_files/pwm/src/pwm2_16bit.c
		_PWM2_16BIT_Period_SetInterruptHandler		CODE           	0FBA	0000	10
		_PWM2_16BIT_Slice1Output1_SetInterruptHandler		CODE           	0FB0	0000	10
		_PWM2_16BIT_Slice1Output2_SetInterruptHandler		CODE           	0FA6	0000	10
		_PWM2_16BIT_Initialize		CODE           	0DC8	0000	108

mcc_generated_files/pwm/src/pwm2_16bit.c estimated size: 138

mcc_generated_files/system/src/system.c
		_SYSTEM_Initialize		CODE           	0F38	0000	30

mcc_generated_files/system/src/system.c estimated size: 30

mcc_generated_files/spi/src/spi1.c
		_SPI1_Initialize		CODE           	0F56	0000	30

mcc_generated_files/spi/src/spi1.c estimated size: 30

